[INFO] Scanning for projects...
[INFO] 
[INFO] ---------------------< com.smartsolutions:eschool >---------------------
[INFO] Building eschool 1.0.0
[INFO]   from pom.xml
[INFO] --------------------------------[ jar ]---------------------------------
[INFO] 
[INFO] --- clean:3.3.2:clean (default-clean) @ eschool ---
[INFO] Deleting D:\SMS\sms\target
[INFO] 
[INFO] --- resources:3.3.1:resources (default-resources) @ eschool ---
[INFO] Copying 5 resources from src\main\resources to target\classes
[INFO] Copying 3 resources from src\main\resources to target\classes
[INFO] 
[INFO] --- compiler:3.11.0:compile (default-compile) @ eschool ---
[INFO] Changes detected - recompiling the module! :source
[INFO] Compiling 911 source files with javac [debug release 17] to target\classes
[INFO] -------------------------------------------------------------
[WARNING] COMPILATION WARNING : 
[INFO] -------------------------------------------------------------
[WARNING] /D:/SMS/sms/src/main/java/com/smartsolutions/eschool/lookups/model/EducationLevelEntity.java:[27,21] @Builder will ignore the initializing expression entirely. If you want the initializing expression to serve as default, add @Builder.Default. If it is not supposed to be settable during building, make the field final.
[WARNING] /D:/SMS/sms/src/main/java/com/smartsolutions/eschool/lookups/model/EducationLevelEntity.java:[30,21] @Builder will ignore the initializing expression entirely. If you want the initializing expression to serve as default, add @Builder.Default. If it is not supposed to be settable during building, make the field final.
[WARNING] /D:/SMS/sms/src/main/java/com/smartsolutions/eschool/academic/entity/mapping/StudentAssessmentEntity.java:[46,30] @Builder will ignore the initializing expression entirely. If you want the initializing expression to serve as default, add @Builder.Default. If it is not supposed to be settable during building, make the field final.
[WARNING] /D:/SMS/sms/src/main/java/com/smartsolutions/eschool/academic/entity/master/AssessmentAttachmentEntity.java:[31,21] @Builder will ignore the initializing expression entirely. If you want the initializing expression to serve as default, add @Builder.Default. If it is not supposed to be settable during building, make the field final.
[WARNING] /D:/SMS/sms/src/main/java/com/smartsolutions/eschool/academic/entity/master/AssessmentAttachmentEntity.java:[34,21] @Builder will ignore the initializing expression entirely. If you want the initializing expression to serve as default, add @Builder.Default. If it is not supposed to be settable during building, make the field final.
[WARNING] /D:/SMS/sms/src/main/java/com/smartsolutions/eschool/lookups/dtos/province/requestDto/ProvinceRequestDTO.java:[27,21] @Builder will ignore the initializing expression entirely. If you want the initializing expression to serve as default, add @Builder.Default. If it is not supposed to be settable during building, make the field final.
[WARNING] /D:/SMS/sms/src/main/java/com/smartsolutions/eschool/academic/entity/master/GradeScaleEntity.java:[38,21] @Builder will ignore the initializing expression entirely. If you want the initializing expression to serve as default, add @Builder.Default. If it is not supposed to be settable during building, make the field final.
[WARNING] /D:/SMS/sms/src/main/java/com/smartsolutions/eschool/academic/entity/master/GradeScaleEntity.java:[41,21] @Builder will ignore the initializing expression entirely. If you want the initializing expression to serve as default, add @Builder.Default. If it is not supposed to be settable during building, make the field final.
[WARNING] /D:/SMS/sms/src/main/java/com/smartsolutions/eschool/lookups/model/TaxTypeEntity.java:[27,34] @Builder will ignore the initializing expression entirely. If you want the initializing expression to serve as default, add @Builder.Default. If it is not supposed to be settable during building, make the field final.
[WARNING] /D:/SMS/sms/src/main/java/com/smartsolutions/eschool/lookups/model/TaxTypeEntity.java:[34,21] @Builder will ignore the initializing expression entirely. If you want the initializing expression to serve as default, add @Builder.Default. If it is not supposed to be settable during building, make the field final.
[WARNING] /D:/SMS/sms/src/main/java/com/smartsolutions/eschool/lookups/model/TaxTypeEntity.java:[37,21] @Builder will ignore the initializing expression entirely. If you want the initializing expression to serve as default, add @Builder.Default. If it is not supposed to be settable during building, make the field final.
[WARNING] /D:/SMS/sms/src/main/java/com/smartsolutions/eschool/employee/model/EmployeeMasterEntity.java:[41,21] @Builder will ignore the initializing expression entirely. If you want the initializing expression to serve as default, add @Builder.Default. If it is not supposed to be settable during building, make the field final.
[WARNING] /D:/SMS/sms/src/main/java/com/smartsolutions/eschool/employee/model/EmployeeMasterEntity.java:[166,21] @Builder will ignore the initializing expression entirely. If you want the initializing expression to serve as default, add @Builder.Default. If it is not supposed to be settable during building, make the field final.
[WARNING] /D:/SMS/sms/src/main/java/com/smartsolutions/eschool/employee/model/EmployeeMasterEntity.java:[189,51] @Builder will ignore the initializing expression entirely. If you want the initializing expression to serve as default, add @Builder.Default. If it is not supposed to be settable during building, make the field final.
[WARNING] /D:/SMS/sms/src/main/java/com/smartsolutions/eschool/employee/model/EmployeeMasterEntity.java:[192,52] @Builder will ignore the initializing expression entirely. If you want the initializing expression to serve as default, add @Builder.Default. If it is not supposed to be settable during building, make the field final.
[WARNING] /D:/SMS/sms/src/main/java/com/smartsolutions/eschool/employee/model/EmployeeMasterEntity.java:[195,45] @Builder will ignore the initializing expression entirely. If you want the initializing expression to serve as default, add @Builder.Default. If it is not supposed to be settable during building, make the field final.
[WARNING] /D:/SMS/sms/src/main/java/com/smartsolutions/eschool/academic/entity/master/EmployeeAttendanceEntity.java:[38,21] @Builder will ignore the initializing expression entirely. If you want the initializing expression to serve as default, add @Builder.Default. If it is not supposed to be settable during building, make the field final.
[WARNING] /D:/SMS/sms/src/main/java/com/smartsolutions/eschool/lookups/model/FacilityTypeEntity.java:[30,21] @Builder will ignore the initializing expression entirely. If you want the initializing expression to serve as default, add @Builder.Default. If it is not supposed to be settable during building, make the field final.
[WARNING] /D:/SMS/sms/src/main/java/com/smartsolutions/eschool/lookups/model/FacilityTypeEntity.java:[33,21] @Builder will ignore the initializing expression entirely. If you want the initializing expression to serve as default, add @Builder.Default. If it is not supposed to be settable during building, make the field final.
[WARNING] /D:/SMS/sms/src/main/java/com/smartsolutions/eschool/user/dtos/modules/request/ModuleRequestDTO.java:[34,21] @Builder will ignore the initializing expression entirely. If you want the initializing expression to serve as default, add @Builder.Default. If it is not supposed to be settable during building, make the field final.
[WARNING] /D:/SMS/sms/src/main/java/com/smartsolutions/eschool/user/dtos/modules/request/ModuleRequestDTO.java:[36,21] @Builder will ignore the initializing expression entirely. If you want the initializing expression to serve as default, add @Builder.Default. If it is not supposed to be settable during building, make the field final.
[WARNING] /D:/SMS/sms/src/main/java/com/smartsolutions/eschool/lookups/dtos/city/requestDto/CityRequestDTO.java:[27,21] @Builder will ignore the initializing expression entirely. If you want the initializing expression to serve as default, add @Builder.Default. If it is not supposed to be settable during building, make the field final.
[WARNING] /D:/SMS/sms/src/main/java/com/smartsolutions/eschool/employee/dtos/EmployeeType/request/EmployeeTypeRequestDTO.java:[23,21] @Builder will ignore the initializing expression entirely. If you want the initializing expression to serve as default, add @Builder.Default. If it is not supposed to be settable during building, make the field final.
[WARNING] /D:/SMS/sms/src/main/java/com/smartsolutions/eschool/academic/entity/master/ReportCardEntity.java:[39,21] @Builder will ignore the initializing expression entirely. If you want the initializing expression to serve as default, add @Builder.Default. If it is not supposed to be settable during building, make the field final.
[WARNING] /D:/SMS/sms/src/main/java/com/smartsolutions/eschool/academic/entity/master/ReportCardEntity.java:[42,21] @Builder will ignore the initializing expression entirely. If you want the initializing expression to serve as default, add @Builder.Default. If it is not supposed to be settable during building, make the field final.
[WARNING] /D:/SMS/sms/src/main/java/com/smartsolutions/eschool/employee/model/EmployeeDesignationHistoryEntity.java:[44,21] @Builder will ignore the initializing expression entirely. If you want the initializing expression to serve as default, add @Builder.Default. If it is not supposed to be settable during building, make the field final.
[WARNING] /D:/SMS/sms/src/main/java/com/smartsolutions/eschool/academic/entity/master/StudentAttendanceEntity.java:[52,21] @Builder will ignore the initializing expression entirely. If you want the initializing expression to serve as default, add @Builder.Default. If it is not supposed to be settable during building, make the field final.
[WARNING] /D:/SMS/sms/src/main/java/com/smartsolutions/eschool/school/dtos/addmissionType/responseDto/AdmissionTypeResponseDTO.java:[19,21] @Builder will ignore the initializing expression entirely. If you want the initializing expression to serve as default, add @Builder.Default. If it is not supposed to be settable during building, make the field final.
[WARNING] /D:/SMS/sms/src/main/java/com/smartsolutions/eschool/school/dtos/addmissionType/responseDto/AdmissionTypeResponseDTO.java:[20,21] @Builder will ignore the initializing expression entirely. If you want the initializing expression to serve as default, add @Builder.Default. If it is not supposed to be settable during building, make the field final.
[WARNING] /D:/SMS/sms/src/main/java/com/smartsolutions/eschool/user/dtos/actions/request/ActionRequestDTO.java:[26,21] @Builder will ignore the initializing expression entirely. If you want the initializing expression to serve as default, add @Builder.Default. If it is not supposed to be settable during building, make the field final.
[WARNING] /D:/SMS/sms/src/main/java/com/smartsolutions/eschool/school/dtos/campuses/responseDto/CampusResponseDTO.java:[33,21] @Builder will ignore the initializing expression entirely. If you want the initializing expression to serve as default, add @Builder.Default. If it is not supposed to be settable during building, make the field final.
[WARNING] /D:/SMS/sms/src/main/java/com/smartsolutions/eschool/academic/entity/mapping/StudentExamMarksEntity.java:[36,24] @Builder will ignore the initializing expression entirely. If you want the initializing expression to serve as default, add @Builder.Default. If it is not supposed to be settable during building, make the field final.
[WARNING] /D:/SMS/sms/src/main/java/com/smartsolutions/eschool/academic/entity/mapping/StudentExamMarksEntity.java:[39,21] @Builder will ignore the initializing expression entirely. If you want the initializing expression to serve as default, add @Builder.Default. If it is not supposed to be settable during building, make the field final.
[WARNING] /D:/SMS/sms/src/main/java/com/smartsolutions/eschool/academic/entity/master/StudentActivityEntity.java:[44,21] @Builder will ignore the initializing expression entirely. If you want the initializing expression to serve as default, add @Builder.Default. If it is not supposed to be settable during building, make the field final.
[WARNING] /D:/SMS/sms/src/main/java/com/smartsolutions/eschool/lookups/model/LanguageEntity.java:[27,21] @Builder will ignore the initializing expression entirely. If you want the initializing expression to serve as default, add @Builder.Default. If it is not supposed to be settable during building, make the field final.
[WARNING] /D:/SMS/sms/src/main/java/com/smartsolutions/eschool/lookups/model/LanguageEntity.java:[30,21] @Builder will ignore the initializing expression entirely. If you want the initializing expression to serve as default, add @Builder.Default. If it is not supposed to be settable during building, make the field final.
[WARNING] /D:/SMS/sms/src/main/java/com/smartsolutions/eschool/lookups/model/CurrencyEntity.java:[30,21] @Builder will ignore the initializing expression entirely. If you want the initializing expression to serve as default, add @Builder.Default. If it is not supposed to be settable during building, make the field final.
[WARNING] /D:/SMS/sms/src/main/java/com/smartsolutions/eschool/lookups/model/CurrencyEntity.java:[33,21] @Builder will ignore the initializing expression entirely. If you want the initializing expression to serve as default, add @Builder.Default. If it is not supposed to be settable during building, make the field final.
[WARNING] /D:/SMS/sms/src/main/java/com/smartsolutions/eschool/lookups/model/CurriculumEntity.java:[27,21] @Builder will ignore the initializing expression entirely. If you want the initializing expression to serve as default, add @Builder.Default. If it is not supposed to be settable during building, make the field final.
[WARNING] /D:/SMS/sms/src/main/java/com/smartsolutions/eschool/lookups/model/CurriculumEntity.java:[30,21] @Builder will ignore the initializing expression entirely. If you want the initializing expression to serve as default, add @Builder.Default. If it is not supposed to be settable during building, make the field final.
[WARNING] /D:/SMS/sms/src/main/java/com/smartsolutions/eschool/sclass/dtos/standardSubject/request/StandardSubjectRequestDTO.java:[19,21] @Builder will ignore the initializing expression entirely. If you want the initializing expression to serve as default, add @Builder.Default. If it is not supposed to be settable during building, make the field final.
[WARNING] /D:/SMS/sms/src/main/java/com/smartsolutions/eschool/academic/entity/master/StudentAcademicHistoryEntity.java:[48,21] @Builder will ignore the initializing expression entirely. If you want the initializing expression to serve as default, add @Builder.Default. If it is not supposed to be settable during building, make the field final.
[WARNING] /D:/SMS/sms/src/main/java/com/smartsolutions/eschool/academic/entity/master/StudentAcademicHistoryEntity.java:[51,21] @Builder will ignore the initializing expression entirely. If you want the initializing expression to serve as default, add @Builder.Default. If it is not supposed to be settable during building, make the field final.
[WARNING] /D:/SMS/sms/src/main/java/com/smartsolutions/eschool/employee/model/EmployeeEmergencyContact.java:[13,1] Generating equals/hashCode implementation but without a call to superclass, even though this class does not extend java.lang.Object. If this is intentional, add '@EqualsAndHashCode(callSuper=false)' to your type.
[WARNING] /D:/SMS/sms/src/main/java/com/smartsolutions/eschool/employee/model/EmployeeQualification.java:[12,1] Generating equals/hashCode implementation but without a call to superclass, even though this class does not extend java.lang.Object. If this is intentional, add '@EqualsAndHashCode(callSuper=false)' to your type.
[WARNING] /D:/SMS/sms/src/main/java/com/smartsolutions/eschool/student/model/StudentDocumentEntity.java:[12,1] Generating equals/hashCode implementation but without a call to superclass, even though this class does not extend java.lang.Object. If this is intentional, add '@EqualsAndHashCode(callSuper=false)' to your type.
[WARNING] /D:/SMS/sms/src/main/java/com/smartsolutions/eschool/employee/model/EmployeeDeductionEntity.java:[12,1] Generating equals/hashCode implementation but without a call to superclass, even though this class does not extend java.lang.Object. If this is intentional, add '@EqualsAndHashCode(callSuper=false)' to your type.
[WARNING] /D:/SMS/sms/src/main/java/com/smartsolutions/eschool/employee/model/EmployeeMasterSalary.java:[12,1] Generating equals/hashCode implementation but without a call to superclass, even though this class does not extend java.lang.Object. If this is intentional, add '@EqualsAndHashCode(callSuper=false)' to your type.
[WARNING] /D:/SMS/sms/src/main/java/com/smartsolutions/eschool/employee/model/EmployeeDocumentEntity.java:[13,1] Generating equals/hashCode implementation but without a call to superclass, even though this class does not extend java.lang.Object. If this is intentional, add '@EqualsAndHashCode(callSuper=false)' to your type.
[WARNING] /D:/SMS/sms/src/main/java/com/smartsolutions/eschool/school/model/InstituteEntity.java:[19,1] Generating equals/hashCode implementation but without a call to superclass, even though this class does not extend java.lang.Object. If this is intentional, add '@EqualsAndHashCode(callSuper=false)' to your type.
[INFO] 50 warnings 
[INFO] -------------------------------------------------------------
[INFO] -------------------------------------------------------------
[ERROR] COMPILATION ERROR : 
[INFO] -------------------------------------------------------------
[ERROR] /D:/SMS/sms/src/main/java/com/smartsolutions/eschool/student/model/FeeCatalogEntity.java:[48,13] cannot find symbol
  symbol:   class List
  location: class com.smartsolutions.eschool.student.model.FeeCatalogEntity
[ERROR] /D:/SMS/sms/src/main/java/com/smartsolutions/eschool/student/model/FeeCatalogEntity.java:[48,38] cannot find symbol
  symbol:   class List
  location: class com.smartsolutions.eschool.student.model.FeeCatalogEntity
[ERROR] /D:/SMS/sms/src/main/java/com/smartsolutions/eschool/student/model/FeeCatalogEntity.java:[16,1] cannot find symbol
  symbol:   class List
  location: class com.smartsolutions.eschool.student.model.FeeCatalogEntity
[INFO] 3 errors 
[INFO] -------------------------------------------------------------
[INFO] ------------------------------------------------------------------------
[INFO] BUILD FAILURE
[INFO] ------------------------------------------------------------------------
[INFO] Total time:  21.500 s
[INFO] Finished at: 2026-03-13T15:34:02+05:00
[INFO] ------------------------------------------------------------------------
[ERROR] Failed to execute goal org.apache.maven.plugins:maven-compiler-plugin:3.11.0:compile (default-compile) on project eschool: Compilation failure: Compilation failure: 
[ERROR] /D:/SMS/sms/src/main/java/com/smartsolutions/eschool/student/model/FeeCatalogEntity.java:[48,13] cannot find symbol
[ERROR]   symbol:   class List
[ERROR]   location: class com.smartsolutions.eschool.student.model.FeeCatalogEntity
[ERROR] /D:/SMS/sms/src/main/java/com/smartsolutions/eschool/student/model/FeeCatalogEntity.java:[48,38] cannot find symbol
[ERROR]   symbol:   class List
[ERROR]   location: class com.smartsolutions.eschool.student.model.FeeCatalogEntity
[ERROR] /D:/SMS/sms/src/main/java/com/smartsolutions/eschool/student/model/FeeCatalogEntity.java:[16,1] cannot find symbol
[ERROR]   symbol:   class List
[ERROR]   location: class com.smartsolutions.eschool.student.model.FeeCatalogEntity
[ERROR] -> [Help 1]
[ERROR] 
[ERROR] To see the full stack trace of the errors, re-run Maven with the -e switch.
[ERROR] Re-run Maven using the -X switch to enable full debug logging.
[ERROR] 
[ERROR] For more information about the errors and possible solutions, please read the following articles:
[ERROR] [Help 1] http://cwiki.apache.org/confluence/display/MAVEN/MojoFailureException
