#
# A fatal error has been detected by the Java Runtime Environment:
#
#  EXCEPTION_ACCESS_VIOLATION (0xc0000005) at pc=0x00007ff9c3e34c09, pid=26544, tid=26312
#
# JRE version: Java(TM) SE Runtime Environment (17.0.12+8) (build 17.0.12+8-LTS-286)
# Java VM: Java HotSpot(TM) 64-Bit Server VM (17.0.12+8-LTS-286, mixed mode, sharing, tiered, compressed oops, compressed class ptrs, g1 gc, windows-amd64)
# Problematic frame:
# V  [jvm.dll+0x304c09]
#
# No core dump will be written. Minidumps are not enabled by default on client versions of Windows
#
# If you would like to submit a bug report, please visit:
#   https://bugreport.java.com/bugreport/crash.jsp
#

---------------  S U M M A R Y ------------

Command Line: --enable-native-access=ALL-UNNAMED -Dclassworlds.conf=C:\Program Files\apache-maven-3.9.11-bin\apache-maven-3.9.11\bin\m2.conf -Dmaven.home=C:\Program Files\apache-maven-3.9.11-bin\apache-maven-3.9.11 -Dlibrary.jansi.path=C:\Program Files\apache-maven-3.9.11-bin\apache-maven-3.9.11\lib\jansi-native -Dmaven.multiModuleProjectDirectory=D:\SMS\sms org.codehaus.plexus.classworlds.launcher.Launcher clean compile

Host: Intel(R) Core(TM) i7-7820HQ CPU @ 2.90GHz, 8 cores, 15G,  Windows 11 , 64 bit Build 26100 (10.0.26100.8246)
Time: Tue May  5 00:11:14 2026 Pakistan Standard Time elapsed time: 54.124084 seconds (0d 0h 0m 54s)

---------------  T H R E A D  ---------------

Current thread (0x000001e8a179dac0):  GCTaskThread "GC Thread#6" [stack: 0x00000071dcd00000,0x00000071dce00000] [id=26312]

Stack: [0x00000071dcd00000,0x00000071dce00000],  sp=0x00000071dcdff8d0,  free space=1022k
Native frames: (J=compiled Java code, j=interpreted, Vv=VM code, C=native code)
V  [jvm.dll+0x304c09]
V  [jvm.dll+0x30190e]
V  [jvm.dll+0x310113]
V  [jvm.dll+0x311f2b]
V  [jvm.dll+0x31070d]
V  [jvm.dll+0x311ada]
V  [jvm.dll+0x2dc663]
V  [jvm.dll+0x2ddf0b]
V  [jvm.dll+0x80832b]
V  [jvm.dll+0x808376]
V  [jvm.dll+0x78abea]
V  [jvm.dll+0x678f35]
C  [ucrtbase.dll+0x37b0]
C  [KERNEL32.DLL+0x2e8d7]
C  [ntdll.dll+0x8c3fc]


siginfo: EXCEPTION_ACCESS_VIOLATION (0xc0000005), reading address 0x0000000400000000


Registers:
RAX=0x0000000000000000, RBX=0x000000070c024105, RCX=0x0000000000000015, RDX=0x0000000000000000
RSP=0x00000071dcdff8d0, RBP=0x0000000000002230, RSI=0x000000070c024104, RDI=0x000001e8a516a080
R8 =0x000000070c490da8, R9 =0x0000000706cecf00, R10=0x0000000400000000, R11=0x0000000000000001
R12=0x00000071dcdffb30, R13=0x000001e836ad27f0, R14=0x0000000000000040, R15=0x0000000000000000
RIP=0x00007ff9c3e34c09, EFLAGS=0x0000000000010246


Register to memory mapping:

RIP=0x00007ff9c3e34c09 jvm.dll
RAX=0x0 is NULL
RBX=0x000000070c024105 is pointing into object: [Lcom.sun.tools.javac.code.Scope$Entry; 
{0x000000070c023e10} - klass: 'com/sun/tools/javac/code/Scope$Entry'[]
 - length: 256
RCX=0x0000000000000015 is an unknown value
RDX=0x0 is NULL
RSP=0x00000071dcdff8d0 points into unknown readable memory: 0x000000070bb17eba | ba 7e b1 0b 07 00 00 00
RBP=0x0000000000002230 is an unknown value
RSI=0x000000070c024104 is pointing into object: [Lcom.sun.tools.javac.code.Scope$Entry; 
{0x000000070c023e10} - klass: 'com/sun/tools/javac/code/Scope$Entry'[]
 - length: 256
RDI=0x000001e8a516a080 points into unknown readable memory: 0x00007ff9c442efa8 | a8 ef 42 c4 f9 7f 00 00
R8 =0x000000070c490da8 is an oop: com.sun.tools.javac.code.Scope$Entry 
{0x000000070c490da8} - klass: 'com/sun/tools/javac/code/Scope$Entry'
 - ---- fields (total size 4 words):
 - public 'sym' 'Lcom/sun/tools/javac/code/Symbol;' @12  a 'com/sun/tools/javac/code/Symbol$MethodSymbol'{0x000000070c490dc8} (e18921b9)
 - private 'shadowed' 'Lcom/sun/tools/javac/code/Scope$Entry;' @16  a 'com/sun/tools/javac/code/Scope$Entry'{0x0000000702205d80} (e0440bb0)
 - public 'nextSibling' 'Lcom/sun/tools/javac/code/Scope$Entry;' @20  a 'com/sun/tools/javac/code/Scope$Entry'{0x000000070c490bd8} (e189217b)
 - public 'prevSibling' 'Lcom/sun/tools/javac/code/Scope$Entry;' @24  a 'com/sun/tools/javac/code/Scope$Entry'{0x000000070c490f78} (e18921ef)
 - public 'scope' 'Lcom/sun/tools/javac/code/Scope$ScopeImpl;' @28  a 'com/sun/tools/javac/code/Scope$ScopeImpl'{0x0000000705ef7608} (e0bdeec1)
R9 =0x0000000706cecf00 is an oop: com.sun.tools.javac.code.Scope$Entry 
{0x0000000706cecf00} - klass: 'com/sun/tools/javac/code/Scope$Entry'
 - ---- fields (total size 4 words):
 - public 'sym' 'Lcom/sun/tools/javac/code/Symbol;' @12  a 'com/sun/tools/javac/code/Symbol$VarSymbol'{0x00000007069557f0} (e0d2aafe)
 - private 'shadowed' 'Lcom/sun/tools/javac/code/Scope$Entry;' @16  a 'com/sun/tools/javac/code/Scope$Entry'{0x0000000702205d80} (e0440bb0)
 - public 'nextSibling' 'Lcom/sun/tools/javac/code/Scope$Entry;' @20  a 'com/sun/tools/javac/code/Scope$Entry'{0x0000000706cecf20} (e0d9d9e4)
 - public 'prevSibling' 'Lcom/sun/tools/javac/code/Scope$Entry;' @24  a 'com/sun/tools/javac/code/Scope$Entry'{0x0000000706cecee0} (e0d9d9dc)
 - public 'scope' 'Lcom/sun/tools/javac/code/Scope$ScopeImpl;' @28  a 'com/sun/tools/javac/code/Scope$ScopeImpl'{0x0000000705ef7608} (e0bdeec1)
R10=0x0000000400000000 is an unknown value
R11=0x0000000000000001 is an unknown value
R12=0x00000071dcdffb30 points into unknown readable memory: 0x00007ff9c4430078 | 78 00 43 c4 f9 7f 00 00
R13=0x000001e836ad27f0 points into unknown readable memory: 0x00000000000007f1 | f1 07 00 00 00 00 00 00
R14=0x0000000000000040 is an unknown value
R15=0x0 is NULL


Top of Stack: (sp=0x00000071dcdff8d0)
0x00000071dcdff8d0:   000000070bb17eba 000000000000222b
0x00000071dcdff8e0:   000001e836adbfe0 0000000000000009
0x00000071dcdff8f0:   000001e84fde0780 000000000000000d
0x00000071dcdff900:   0000000000000340 00000071dcdffb30
0x00000071dcdff910:   0000000705ef6400 00007ff9c3e3190e
0x00000071dcdff920:   0000000705ef6400 000001e8a516a080
0x00000071dcdff930:   000001e836ad27f0 000001e84fde0780
0x00000071dcdff940:   0000000020361322 00000024844f2ac1
0x00000071dcdff950:   00000071dcdffb30 0000000705ef6400
0x00000071dcdff960:   0000000705ef7e18 00007ff9c3e40113
0x00000071dcdff970:   0000000705ef6400 00000071dcdff990
0x00000071dcdff980:   00000071dcdff9a0 00000071dcdffb30
0x00000071dcdff990:   0000000705ef6400 0000000000000340
0x00000071dcdff9a0:   00007ff9c442fe88 0000000000000000
0x00000071dcdff9b0:   000001e836ad4720 000001e8a516a080
0x00000071dcdff9c0:   000001e84fde07c0 00007ff9c3e41f2b 

Instructions: (pc=0x00007ff9c3e34c09)
0x00007ff9c3e34b09:   ff 48 8d 53 fe 48 8b cf e8 aa f6 ff ff e9 35 fd
0x00007ff9c3e34b19:   ff ff 0f 1f 44 00 00 48 8b 77 10 8b ae 80 00 00
0x00007ff9c3e34b29:   00 8b cd 8b 86 00 01 00 00 2b c8 81 e1 ff ff 01
0x00007ff9c3e34b39:   00 41 3b ce 0f 86 e9 02 00 00 ff cd 81 e5 ff ff
0x00007ff9c3e34b49:   01 00 89 ae 80 00 00 00 e8 ba 6c 36 00 90 8b d5
0x00007ff9c3e34b59:   8b 86 00 01 00 00 8b cd 48 8b 9e 80 01 00 00 2b
0x00007ff9c3e34b69:   c8 81 e1 ff ff 01 00 81 f9 ff ff 01 00 48 8b 1c
0x00007ff9c3e34b79:   eb 41 0f 44 cf 85 c9 75 3d 90 89 6c 24 50 48 8b
0x00007ff9c3e34b89:   86 00 01 00 00 48 8b c8 48 c1 e9 20 ff c1 89 4c
0x00007ff9c3e34b99:   24 54 3b e8 0f 85 77 02 00 00 48 c1 e1 20 48 0b
0x00007ff9c3e34ba9:   ca f0 48 0f b1 8e 00 01 00 00 0f 85 61 02 00 00
0x00007ff9c3e34bb9:   8b 86 00 01 00 00 f6 c3 01 0f 84 2f 01 00 00 8b
0x00007ff9c3e34bc9:   0d ea c6 79 00 48 8d 73 ff 48 8b 47 08 44 8b 16
0x00007ff9c3e34bd9:   49 d3 e2 4c 03 15 cd c6 79 00 8b 88 90 05 00 00
0x00007ff9c3e34be9:   49 8b d2 48 8b 80 80 05 00 00 48 d3 ea 0f b7 14
0x00007ff9c3e34bf9:   50 0f b7 c2 66 c1 e8 08 84 c0 0f 88 17 ff ff ff
0x00007ff9c3e34c09:   4d 8b 02 41 0f b6 c0 24 03 3c 03 75 1e 44 38 3d
0x00007ff9c3e34c19:   c4 43 80 00 74 0f 41 0f b6 c0 24 07 3c 05 75 05
0x00007ff9c3e34c29:   4d 8b c7 eb 17 49 83 e0 fc eb 11 4d 8b c8 48 8b
0x00007ff9c3e34c39:   cf 4d 8b c2 e8 be f0 ff ff 4c 8b c0 8b 0d 6d c6
0x00007ff9c3e34c49:   79 00 49 8b d0 48 2b 15 5b c6 79 00 48 d3 ea 89
0x00007ff9c3e34c59:   16 48 8b d6 8b 0d 0d 4c 80 00 49 33 d0 48 d3 ea
0x00007ff9c3e34c69:   48 85 d2 0f 84 ae fe ff ff 48 8b 47 08 48 8b d6
0x00007ff9c3e34c79:   8b 88 c0 01 00 00 48 8b 80 b0 01 00 00 48 d3 ea
0x00007ff9c3e34c89:   48 8b 0c d0 8b 81 94 00 00 00 d1 e8 a8 01 0f 85
0x00007ff9c3e34c99:   83 fe ff ff 48 8b 47 08 8b 88 90 05 00 00 48 8b
0x00007ff9c3e34ca9:   80 80 05 00 00 49 d3 e8 46 38 3c 40 0f 84 65 fe
0x00007ff9c3e34cb9:   ff ff 48 8b 47 60 48 c1 ee 09 48 8b 58 40 48 8b
0x00007ff9c3e34cc9:   48 38 48 03 de 48 2b d9 48 39 9f b0 01 00 00 0f
0x00007ff9c3e34cd9:   84 42 fe ff ff 48 8d 14 19 48 8d 4f 18 e8 45 40
0x00007ff9c3e34ce9:   00 00 48 89 9f b0 01 00 00 e9 29 fe ff ff f6 c3
0x00007ff9c3e34cf9:   03 0f 85 09 01 00 00 48 8b 47 08 4c 8b 13 49 8b 


Stack slot to memory mapping:
stack at sp + 0 slots: 0x000000070bb17eba is pointing into object: [Lcom.sun.tools.javac.code.Scope$Entry; 
{0x000000070bb17eb8} - klass: 'com/sun/tools/javac/code/Scope$Entry'[]
 - length: 256
stack at sp + 1 slots: 0x000000000000222b is an unknown value
stack at sp + 2 slots: 0x000001e836adbfe0 points into unknown readable memory: 0x0000000000000000 | 00 00 00 00 00 00 00 00
stack at sp + 3 slots: 0x0000000000000009 is an unknown value
stack at sp + 4 slots: 0x000001e84fde0780 points into unknown readable memory: 0xffffffffffffffff | ff ff ff ff ff ff ff ff
stack at sp + 5 slots: 0x000000000000000d is an unknown value
stack at sp + 6 slots: 0x0000000000000340 is an unknown value
stack at sp + 7 slots: 0x00000071dcdffb30 points into unknown readable memory: 0x00007ff9c4430078 | 78 00 43 c4 f9 7f 00 00


---------------  P R O C E S S  ---------------

Threads class SMR info:
_java_thread_list=0x000001e8a223f810, length=15, elements={
0x000001e836ac30c0, 0x000001e85b807580, 0x000001e85b808140, 0x000001e85b823fa0,
0x000001e85b824960, 0x000001e85b825320, 0x000001e85b825ce0, 0x000001e85b82bf90,
0x000001e85b8579a0, 0x000001e85b857ec0, 0x000001e85b98e7e0, 0x000001e85b99ded0,
0x000001e8a1a28430, 0x000001e8a1abd5a0, 0x000001e8a5169170
}

Java Threads: ( => current thread )
  0x000001e836ac30c0 JavaThread "main" [_thread_blocked, id=10796, stack(0x00000071db400000,0x00000071db500000)]
  0x000001e85b807580 JavaThread "Reference Handler" daemon [_thread_blocked, id=12544, stack(0x00000071dbb00000,0x00000071dbc00000)]
  0x000001e85b808140 JavaThread "Finalizer" daemon [_thread_blocked, id=14440, stack(0x00000071dbc00000,0x00000071dbd00000)]
  0x000001e85b823fa0 JavaThread "Signal Dispatcher" daemon [_thread_blocked, id=26176, stack(0x00000071dbd00000,0x00000071dbe00000)]
  0x000001e85b824960 JavaThread "Attach Listener" daemon [_thread_blocked, id=24568, stack(0x00000071dbe00000,0x00000071dbf00000)]
  0x000001e85b825320 JavaThread "Service Thread" daemon [_thread_blocked, id=3264, stack(0x00000071dbf00000,0x00000071dc000000)]
  0x000001e85b825ce0 JavaThread "Monitor Deflation Thread" daemon [_thread_blocked, id=21268, stack(0x00000071dc000000,0x00000071dc100000)]
  0x000001e85b82bf90 JavaThread "C2 CompilerThread0" daemon [_thread_blocked, id=27572, stack(0x00000071dc100000,0x00000071dc200000)]
  0x000001e85b8579a0 JavaThread "C1 CompilerThread0" daemon [_thread_blocked, id=24384, stack(0x00000071dc200000,0x00000071dc300000)]
  0x000001e85b857ec0 JavaThread "Sweeper thread" daemon [_thread_blocked, id=8696, stack(0x00000071dc300000,0x00000071dc400000)]
  0x000001e85b98e7e0 JavaThread "Notification Thread" daemon [_thread_blocked, id=20432, stack(0x00000071dc400000,0x00000071dc500000)]
  0x000001e85b99ded0 JavaThread "Common-Cleaner" daemon [_thread_blocked, id=1140, stack(0x00000071dc600000,0x00000071dc700000)]
  0x000001e8a1a28430 JavaThread "Thread-1" daemon [_thread_blocked, id=15568, stack(0x00000071dcf00000,0x00000071dd000000)]
  0x000001e8a1abd5a0 JavaThread "C2 CompilerThread1" daemon [_thread_blocked, id=12656, stack(0x00000071dce00000,0x00000071dcf00000)]
  0x000001e8a5169170 JavaThread "C2 CompilerThread2" daemon [_thread_blocked, id=25628, stack(0x00000071dd100000,0x00000071dd200000)]

Other Threads:
  0x000001e85b19d9f0 VMThread "VM Thread" [stack: 0x00000071dba00000,0x00000071dbb00000] [id=3460]
  0x000001e836b4c520 WatcherThread [stack: 0x00000071dc500000,0x00000071dc600000] [id=348]
  0x000001e836b2ea20 GCTaskThread "GC Thread#0" [stack: 0x00000071db500000,0x00000071db600000] [id=5996]
  0x000001e8a1758230 GCTaskThread "GC Thread#1" [stack: 0x00000071dc800000,0x00000071dc900000] [id=8868]
  0x000001e8a17584f0 GCTaskThread "GC Thread#2" [stack: 0x00000071dc900000,0x00000071dca00000] [id=18364]
  0x000001e8a17efa90 GCTaskThread "GC Thread#3" [stack: 0x00000071dca00000,0x00000071dcb00000] [id=24932]
  0x000001e8a17efd50 GCTaskThread "GC Thread#4" [stack: 0x00000071dcb00000,0x00000071dcc00000] [id=20836]
  0x000001e8a17f0420 GCTaskThread "GC Thread#5" [stack: 0x00000071dcc00000,0x00000071dcd00000] [id=16364]
=>0x000001e8a179dac0 GCTaskThread "GC Thread#6" [stack: 0x00000071dcd00000,0x00000071dce00000] [id=26312]
  0x000001e8a1ddf8a0 GCTaskThread "GC Thread#7" [stack: 0x00000071dc700000,0x00000071dc800000] [id=16344]
  0x000001e836b41460 ConcurrentGCThread "G1 Main Marker" [stack: 0x00000071db600000,0x00000071db700000] [id=19292]
  0x000001e836b42610 ConcurrentGCThread "G1 Conc#0" [stack: 0x00000071db700000,0x00000071db800000] [id=17480]
  0x000001e8a27bc3d0 ConcurrentGCThread "G1 Conc#1" [stack: 0x00000071dd000000,0x00000071dd100000] [id=24756]
  0x000001e836b7d600 ConcurrentGCThread "G1 Refine#0" [stack: 0x00000071db800000,0x00000071db900000] [id=20804]
  0x000001e8a178dcc0 ConcurrentGCThread "G1 Refine#1" [stack: 0x00000071dd200000,0x00000071dd300000] [id=17640]
  0x000001e8a162c1b0 ConcurrentGCThread "G1 Refine#2" [stack: 0x00000071db200000,0x00000071db300000] [id=27376]
  0x000001e8a162bbd0 ConcurrentGCThread "G1 Refine#3" [stack: 0x00000071dd300000,0x00000071dd400000] [id=18404]
  0x000001e8a4e4c310 ConcurrentGCThread "G1 Refine#4" [stack: 0x00000071dd400000,0x00000071dd500000] [id=13528]
  0x000001e8a4e49ce0 ConcurrentGCThread "G1 Refine#5" [stack: 0x00000071dd500000,0x00000071dd600000] [id=16712]
  0x000001e836b7ded0 ConcurrentGCThread "G1 Service" [stack: 0x00000071db900000,0x00000071dba00000] [id=4924]

Threads with active compile tasks:

VM state: at safepoint (normal execution)

VM Mutex/Monitor currently owned by a thread:  ([mutex/lock_event])
[0x000001e8367d6500] Threads_lock - owner thread: 0x000001e85b19d9f0
[0x000001e836ac13d0] Heap_lock - owner thread: 0x000001e836ac30c0

Heap address: 0x0000000701e00000, size: 4066 MB, Compressed Oops mode: Zero based, Oop shift amount: 3

CDS archive(s) mapped at: [0x000001e85c000000-0x000001e85cbd0000-0x000001e85cbd0000), size 12386304, SharedBaseAddress: 0x000001e85c000000, ArchiveRelocationMode: 1.
Compressed class space mapped at: 0x000001e85d000000-0x000001e89d000000, reserved size: 1073741824
Narrow klass base: 0x000001e85c000000, Narrow klass shift: 0, Narrow klass range: 0x100000000

GC Precious Log:
 CPUs: 8 total, 8 available
 Memory: 16259M
 Large Page Support: Disabled
 NUMA Support: Disabled
 Compressed Oops: Enabled (Zero based)
 Heap Region Size: 2M
 Heap Min Capacity: 8M
 Heap Initial Capacity: 256M
 Heap Max Capacity: 4066M
 Pre-touch: Disabled
 Parallel Workers: 8
 Concurrent Workers: 2
 Concurrent Refinement Workers: 8
 Periodic GC: Disabled

Heap:
 garbage-first heap   total 294912K, used 243342K [0x0000000701e00000, 0x0000000800000000)
  region size 2048K, 64 young (131072K), 6 survivors (12288K)
 Metaspace       used 30212K, committed 30528K, reserved 1114112K
  class space    used 3338K, committed 3456K, reserved 1048576K

Heap Regions: E=young(eden), S=young(survivor), O=old, HS=humongous(starts), HC=humongous(continues), CS=collection set, F=free, OA=open archive, CA=closed archive, TAMS=top-at-mark-start (previous, next)
|   0|0x0000000701e00000, 0x0000000702000000, 0x0000000702000000|100%| O|  |TAMS 0x0000000702000000, 0x0000000701e00000| Untracked 
|   1|0x0000000702000000, 0x0000000702200000, 0x0000000702200000|100%| O|  |TAMS 0x0000000702200000, 0x0000000702000000| Untracked 
|   2|0x0000000702200000, 0x0000000702400000, 0x0000000702400000|100%| O|  |TAMS 0x0000000702400000, 0x0000000702200000| Untracked 
|   3|0x0000000702400000, 0x0000000702600000, 0x0000000702600000|100%|HS|  |TAMS 0x0000000702600000, 0x0000000702400000| Complete 
|   4|0x0000000702600000, 0x0000000702800000, 0x0000000702800000|100%| O|  |TAMS 0x0000000702800000, 0x0000000702600000| Untracked 
|   5|0x0000000702800000, 0x0000000702a00000, 0x0000000702a00000|100%| O|  |TAMS 0x0000000702a00000, 0x0000000702800000| Untracked 
|   6|0x0000000702a00000, 0x0000000702c00000, 0x0000000702c00000|100%| O|  |TAMS 0x0000000702c00000, 0x0000000702a00000| Untracked 
|   7|0x0000000702c00000, 0x0000000702e00000, 0x0000000702e00000|100%| O|  |TAMS 0x0000000702e00000, 0x0000000702c00000| Untracked 
|   8|0x0000000702e00000, 0x0000000703000000, 0x0000000703000000|100%| O|  |TAMS 0x0000000703000000, 0x0000000702e00000| Untracked 
|   9|0x0000000703000000, 0x0000000703200000, 0x0000000703200000|100%| O|  |TAMS 0x0000000703200000, 0x0000000703000000| Untracked 
|  10|0x0000000703200000, 0x0000000703400000, 0x0000000703400000|100%| O|  |TAMS 0x0000000703400000, 0x0000000703200000| Untracked 
|  11|0x0000000703400000, 0x0000000703600000, 0x0000000703600000|100%| O|  |TAMS 0x0000000703600000, 0x0000000703400000| Untracked 
|  12|0x0000000703600000, 0x0000000703800000, 0x0000000703800000|100%| O|  |TAMS 0x0000000703800000, 0x0000000703600000| Untracked 
|  13|0x0000000703800000, 0x0000000703a00000, 0x0000000703a00000|100%| O|  |TAMS 0x0000000703a00000, 0x0000000703800000| Untracked 
|  14|0x0000000703a00000, 0x0000000703c00000, 0x0000000703c00000|100%| O|  |TAMS 0x0000000703c00000, 0x0000000703a00000| Untracked 
|  15|0x0000000703c00000, 0x0000000703e00000, 0x0000000703e00000|100%| O|  |TAMS 0x0000000703e00000, 0x0000000703c00000| Untracked 
|  16|0x0000000703e00000, 0x0000000704000000, 0x0000000704000000|100%| O|  |TAMS 0x0000000704000000, 0x0000000703e00000| Untracked 
|  17|0x0000000704000000, 0x0000000704200000, 0x0000000704200000|100%| O|  |TAMS 0x0000000704200000, 0x0000000704000000| Untracked 
|  18|0x0000000704200000, 0x0000000704400000, 0x0000000704400000|100%| O|  |TAMS 0x0000000704400000, 0x0000000704200000| Untracked 
|  19|0x0000000704400000, 0x0000000704600000, 0x0000000704600000|100%| O|  |TAMS 0x0000000704600000, 0x0000000704400000| Untracked 
|  20|0x0000000704600000, 0x0000000704800000, 0x0000000704800000|100%| O|  |TAMS 0x0000000704800000, 0x0000000704600000| Untracked 
|  21|0x0000000704800000, 0x0000000704a00000, 0x0000000704a00000|100%| O|  |TAMS 0x0000000704a00000, 0x0000000704800000| Untracked 
|  22|0x0000000704a00000, 0x0000000704c00000, 0x0000000704c00000|100%| O|  |TAMS 0x0000000704c00000, 0x0000000704a00000| Untracked 
|  23|0x0000000704c00000, 0x0000000704e00000, 0x0000000704e00000|100%| O|  |TAMS 0x0000000704e00000, 0x0000000704c00000| Untracked 
|  24|0x0000000704e00000, 0x0000000705000000, 0x0000000705000000|100%| O|  |TAMS 0x0000000705000000, 0x0000000704e00000| Untracked 
|  25|0x0000000705000000, 0x0000000705200000, 0x0000000705200000|100%| O|  |TAMS 0x0000000705200000, 0x0000000705000000| Untracked 
|  26|0x0000000705200000, 0x0000000705400000, 0x0000000705400000|100%| O|  |TAMS 0x0000000705400000, 0x0000000705200000| Untracked 
|  27|0x0000000705400000, 0x0000000705600000, 0x0000000705600000|100%| O|  |TAMS 0x0000000705600000, 0x0000000705400000| Untracked 
|  28|0x0000000705600000, 0x0000000705800000, 0x0000000705800000|100%| O|  |TAMS 0x0000000705800000, 0x0000000705600000| Untracked 
|  29|0x0000000705800000, 0x0000000705a00000, 0x0000000705a00000|100%| O|  |TAMS 0x0000000705a00000, 0x0000000705800000| Untracked 
|  30|0x0000000705a00000, 0x0000000705c00000, 0x0000000705c00000|100%| O|  |TAMS 0x0000000705c00000, 0x0000000705a00000| Untracked 
|  31|0x0000000705c00000, 0x0000000705e00000, 0x0000000705e00000|100%| O|  |TAMS 0x0000000705e00000, 0x0000000705c00000| Untracked 
|  32|0x0000000705e00000, 0x0000000706000000, 0x0000000706000000|100%| O|  |TAMS 0x0000000706000000, 0x0000000705e00000| Untracked 
|  33|0x0000000706000000, 0x0000000706200000, 0x0000000706200000|100%| O|  |TAMS 0x0000000706058000, 0x0000000706000000| Untracked 
|  34|0x0000000706200000, 0x0000000706400000, 0x0000000706400000|100%|HS|  |TAMS 0x0000000706200000, 0x0000000706200000| Complete 
|  35|0x0000000706400000, 0x0000000706600000, 0x0000000706600000|100%| O|  |TAMS 0x0000000706400000, 0x0000000706400000| Untracked 
|  36|0x0000000706600000, 0x0000000706800000, 0x0000000706800000|100%| O|  |TAMS 0x0000000706600000, 0x0000000706600000| Untracked 
|  37|0x0000000706800000, 0x0000000706a00000, 0x0000000706a00000|100%| O|  |TAMS 0x0000000706800000, 0x0000000706800000| Untracked 
|  38|0x0000000706a00000, 0x0000000706c00000, 0x0000000706c00000|100%| O|  |TAMS 0x0000000706a00000, 0x0000000706a00000| Untracked 
|  39|0x0000000706c00000, 0x0000000706e00000, 0x0000000706e00000|100%| O|  |TAMS 0x0000000706c00000, 0x0000000706c00000| Untracked 
|  40|0x0000000706e00000, 0x0000000707000000, 0x0000000707000000|100%| O|  |TAMS 0x0000000706e00000, 0x0000000706e00000| Untracked 
|  41|0x0000000707000000, 0x0000000707200000, 0x0000000707200000|100%| O|  |TAMS 0x0000000707000000, 0x0000000707000000| Untracked 
|  42|0x0000000707200000, 0x0000000707400000, 0x0000000707400000|100%| O|  |TAMS 0x0000000707200000, 0x0000000707200000| Untracked 
|  43|0x0000000707400000, 0x0000000707600000, 0x0000000707600000|100%| O|  |TAMS 0x0000000707400000, 0x0000000707400000| Untracked 
|  44|0x0000000707600000, 0x0000000707800000, 0x0000000707800000|100%| O|  |TAMS 0x0000000707600000, 0x0000000707600000| Untracked 
|  45|0x0000000707800000, 0x0000000707a00000, 0x0000000707a00000|100%| O|  |TAMS 0x0000000707800000, 0x0000000707800000| Untracked 
|  46|0x0000000707a00000, 0x0000000707c00000, 0x0000000707c00000|100%| O|  |TAMS 0x0000000707a00000, 0x0000000707a00000| Untracked 
|  47|0x0000000707c00000, 0x0000000707e00000, 0x0000000707e00000|100%| O|  |TAMS 0x0000000707c00000, 0x0000000707c00000| Untracked 
|  48|0x0000000707e00000, 0x0000000708000000, 0x0000000708000000|100%|HS|  |TAMS 0x0000000707e00000, 0x0000000707e00000| Complete 
|  49|0x0000000708000000, 0x0000000708200000, 0x0000000708200000|100%| O|  |TAMS 0x0000000708000000, 0x0000000708000000| Untracked 
|  50|0x0000000708200000, 0x0000000708400000, 0x0000000708400000|100%| O|  |TAMS 0x0000000708200000, 0x0000000708200000| Untracked 
|  51|0x0000000708400000, 0x0000000708600000, 0x0000000708600000|100%| O|  |TAMS 0x0000000708400000, 0x0000000708400000| Untracked 
|  52|0x0000000708600000, 0x0000000708800000, 0x0000000708800000|100%| O|  |TAMS 0x0000000708600000, 0x0000000708600000| Untracked 
|  53|0x0000000708800000, 0x0000000708a00000, 0x0000000708a00000|100%| O|  |TAMS 0x0000000708800000, 0x0000000708800000| Untracked 
|  54|0x0000000708a00000, 0x0000000708c00000, 0x0000000708c00000|100%| O|  |TAMS 0x0000000708a00000, 0x0000000708a00000| Untracked 
|  55|0x0000000708c00000, 0x0000000708d98d50, 0x0000000708e00000| 79%| O|  |TAMS 0x0000000708c00000, 0x0000000708c00000| Untracked 
|  56|0x0000000708e00000, 0x0000000708e00000, 0x0000000709000000|  0%| F|  |TAMS 0x0000000708e00000, 0x0000000708e00000| Untracked 
|  57|0x0000000709000000, 0x0000000709000000, 0x0000000709200000|  0%| F|  |TAMS 0x0000000709000000, 0x0000000709000000| Untracked 
|  58|0x0000000709200000, 0x0000000709200000, 0x0000000709400000|  0%| F|  |TAMS 0x0000000709200000, 0x0000000709200000| Untracked 
|  59|0x0000000709400000, 0x0000000709400000, 0x0000000709600000|  0%| F|  |TAMS 0x0000000709400000, 0x0000000709400000| Untracked 
|  60|0x0000000709600000, 0x0000000709600000, 0x0000000709800000|  0%| F|  |TAMS 0x0000000709600000, 0x0000000709600000| Untracked 
|  61|0x0000000709800000, 0x0000000709800000, 0x0000000709a00000|  0%| F|  |TAMS 0x0000000709800000, 0x0000000709800000| Untracked 
|  62|0x0000000709a00000, 0x0000000709a00000, 0x0000000709c00000|  0%| F|  |TAMS 0x0000000709a00000, 0x0000000709a00000| Untracked 
|  63|0x0000000709c00000, 0x0000000709c00000, 0x0000000709e00000|  0%| F|  |TAMS 0x0000000709c00000, 0x0000000709c00000| Untracked 
|  64|0x0000000709e00000, 0x0000000709e00000, 0x000000070a000000|  0%| F|  |TAMS 0x0000000709e00000, 0x0000000709e00000| Untracked 
|  65|0x000000070a000000, 0x000000070a000000, 0x000000070a200000|  0%| F|  |TAMS 0x000000070a000000, 0x000000070a000000| Untracked 
|  66|0x000000070a200000, 0x000000070a200000, 0x000000070a400000|  0%| F|  |TAMS 0x000000070a200000, 0x000000070a200000| Untracked 
|  67|0x000000070a400000, 0x000000070a400000, 0x000000070a600000|  0%| F|  |TAMS 0x000000070a400000, 0x000000070a400000| Untracked 
|  68|0x000000070a600000, 0x000000070a600000, 0x000000070a800000|  0%| F|  |TAMS 0x000000070a600000, 0x000000070a600000| Untracked 
|  69|0x000000070a800000, 0x000000070a800000, 0x000000070aa00000|  0%| F|  |TAMS 0x000000070a800000, 0x000000070a800000| Untracked 
|  70|0x000000070aa00000, 0x000000070ac00000, 0x000000070ac00000|100%| S|  |TAMS 0x000000070aa00000, 0x000000070aa00000| Complete 
|  71|0x000000070ac00000, 0x000000070ae00000, 0x000000070ae00000|100%| S|  |TAMS 0x000000070ac00000, 0x000000070ac00000| Complete 
|  72|0x000000070ae00000, 0x000000070b000000, 0x000000070b000000|100%| S|  |TAMS 0x000000070ae00000, 0x000000070ae00000| Complete 
|  73|0x000000070b000000, 0x000000070b047a18, 0x000000070b200000| 13%| E|CS|TAMS 0x000000070b000000, 0x000000070b000000| Complete 
|  74|0x000000070b200000, 0x000000070b400000, 0x000000070b400000|100%| E|CS|TAMS 0x000000070b200000, 0x000000070b200000| Complete 
|  75|0x000000070b400000, 0x000000070b600000, 0x000000070b600000|100%| E|CS|TAMS 0x000000070b400000, 0x000000070b400000| Complete 
|  76|0x000000070b600000, 0x000000070b800000, 0x000000070b800000|100%| E|CS|TAMS 0x000000070b600000, 0x000000070b600000| Complete 
|  77|0x000000070b800000, 0x000000070ba00000, 0x000000070ba00000|100%| E|CS|TAMS 0x000000070b800000, 0x000000070b800000| Complete 
|  78|0x000000070ba00000, 0x000000070bc00000, 0x000000070bc00000|100%| E|CS|TAMS 0x000000070ba00000, 0x000000070ba00000| Complete 
|  79|0x000000070bc00000, 0x000000070be00000, 0x000000070be00000|100%| E|CS|TAMS 0x000000070bc00000, 0x000000070bc00000| Complete 
|  80|0x000000070be00000, 0x000000070c000000, 0x000000070c000000|100%| E|CS|TAMS 0x000000070be00000, 0x000000070be00000| Complete 
|  81|0x000000070c000000, 0x000000070c200000, 0x000000070c200000|100%| S|  |TAMS 0x000000070c000000, 0x000000070c000000| Complete 
|  82|0x000000070c200000, 0x000000070c400000, 0x000000070c400000|100%| S|  |TAMS 0x000000070c200000, 0x000000070c200000| Complete 
|  83|0x000000070c400000, 0x000000070c600000, 0x000000070c600000|100%| S|  |TAMS 0x000000070c400000, 0x000000070c400000| Complete 
|  84|0x000000070c600000, 0x000000070c800000, 0x000000070c800000|100%| E|CS|TAMS 0x000000070c600000, 0x000000070c600000| Complete 
|  85|0x000000070c800000, 0x000000070ca00000, 0x000000070ca00000|100%| E|CS|TAMS 0x000000070c800000, 0x000000070c800000| Complete 
|  86|0x000000070ca00000, 0x000000070cc00000, 0x000000070cc00000|100%| E|CS|TAMS 0x000000070ca00000, 0x000000070ca00000| Complete 
|  87|0x000000070cc00000, 0x000000070ce00000, 0x000000070ce00000|100%| E|CS|TAMS 0x000000070cc00000, 0x000000070cc00000| Complete 
|  88|0x000000070ce00000, 0x000000070d000000, 0x000000070d000000|100%| E|CS|TAMS 0x000000070ce00000, 0x000000070ce00000| Complete 
|  89|0x000000070d000000, 0x000000070d200000, 0x000000070d200000|100%| E|CS|TAMS 0x000000070d000000, 0x000000070d000000| Complete 
|  90|0x000000070d200000, 0x000000070d400000, 0x000000070d400000|100%| E|CS|TAMS 0x000000070d200000, 0x000000070d200000| Complete 
|  91|0x000000070d400000, 0x000000070d600000, 0x000000070d600000|100%| E|CS|TAMS 0x000000070d400000, 0x000000070d400000| Complete 
|  92|0x000000070d600000, 0x000000070d800000, 0x000000070d800000|100%| E|CS|TAMS 0x000000070d600000, 0x000000070d600000| Complete 
|  93|0x000000070d800000, 0x000000070da00000, 0x000000070da00000|100%| E|CS|TAMS 0x000000070d800000, 0x000000070d800000| Complete 
|  94|0x000000070da00000, 0x000000070dc00000, 0x000000070dc00000|100%| E|CS|TAMS 0x000000070da00000, 0x000000070da00000| Complete 
|  95|0x000000070dc00000, 0x000000070de00000, 0x000000070de00000|100%| E|CS|TAMS 0x000000070dc00000, 0x000000070dc00000| Complete 
|  96|0x000000070de00000, 0x000000070e000000, 0x000000070e000000|100%| E|CS|TAMS 0x000000070de00000, 0x000000070de00000| Complete 
|  97|0x000000070e000000, 0x000000070e200000, 0x000000070e200000|100%| E|CS|TAMS 0x000000070e000000, 0x000000070e000000| Complete 
|  98|0x000000070e200000, 0x000000070e400000, 0x000000070e400000|100%| E|CS|TAMS 0x000000070e200000, 0x000000070e200000| Complete 
|  99|0x000000070e400000, 0x000000070e600000, 0x000000070e600000|100%| E|CS|TAMS 0x000000070e400000, 0x000000070e400000| Complete 
| 100|0x000000070e600000, 0x000000070e800000, 0x000000070e800000|100%| E|CS|TAMS 0x000000070e600000, 0x000000070e600000| Complete 
| 101|0x000000070e800000, 0x000000070ea00000, 0x000000070ea00000|100%| E|CS|TAMS 0x000000070e800000, 0x000000070e800000| Complete 
| 102|0x000000070ea00000, 0x000000070ec00000, 0x000000070ec00000|100%| E|CS|TAMS 0x000000070ea00000, 0x000000070ea00000| Complete 
| 103|0x000000070ec00000, 0x000000070ee00000, 0x000000070ee00000|100%| E|CS|TAMS 0x000000070ec00000, 0x000000070ec00000| Complete 
| 104|0x000000070ee00000, 0x000000070f000000, 0x000000070f000000|100%| E|CS|TAMS 0x000000070ee00000, 0x000000070ee00000| Complete 
| 105|0x000000070f000000, 0x000000070f200000, 0x000000070f200000|100%| E|CS|TAMS 0x000000070f000000, 0x000000070f000000| Complete 
| 106|0x000000070f200000, 0x000000070f400000, 0x000000070f400000|100%| E|CS|TAMS 0x000000070f200000, 0x000000070f200000| Complete 
| 107|0x000000070f400000, 0x000000070f600000, 0x000000070f600000|100%| E|CS|TAMS 0x000000070f400000, 0x000000070f400000| Complete 
| 108|0x000000070f600000, 0x000000070f800000, 0x000000070f800000|100%| E|CS|TAMS 0x000000070f600000, 0x000000070f600000| Complete 
| 109|0x000000070f800000, 0x000000070fa00000, 0x000000070fa00000|100%| E|CS|TAMS 0x000000070f800000, 0x000000070f800000| Complete 
| 110|0x000000070fa00000, 0x000000070fc00000, 0x000000070fc00000|100%| E|CS|TAMS 0x000000070fa00000, 0x000000070fa00000| Complete 
| 111|0x000000070fc00000, 0x000000070fe00000, 0x000000070fe00000|100%| E|CS|TAMS 0x000000070fc00000, 0x000000070fc00000| Complete 
| 112|0x000000070fe00000, 0x0000000710000000, 0x0000000710000000|100%| E|CS|TAMS 0x000000070fe00000, 0x000000070fe00000| Complete 
| 113|0x0000000710000000, 0x0000000710200000, 0x0000000710200000|100%| E|CS|TAMS 0x0000000710000000, 0x0000000710000000| Complete 
| 114|0x0000000710200000, 0x0000000710400000, 0x0000000710400000|100%| E|CS|TAMS 0x0000000710200000, 0x0000000710200000| Complete 
| 115|0x0000000710400000, 0x0000000710600000, 0x0000000710600000|100%| E|CS|TAMS 0x0000000710400000, 0x0000000710400000| Complete 
| 116|0x0000000710600000, 0x0000000710800000, 0x0000000710800000|100%| E|CS|TAMS 0x0000000710600000, 0x0000000710600000| Complete 
| 117|0x0000000710800000, 0x0000000710a00000, 0x0000000710a00000|100%| E|CS|TAMS 0x0000000710800000, 0x0000000710800000| Complete 
| 118|0x0000000710a00000, 0x0000000710c00000, 0x0000000710c00000|100%| E|CS|TAMS 0x0000000710a00000, 0x0000000710a00000| Complete 
| 119|0x0000000710c00000, 0x0000000710e00000, 0x0000000710e00000|100%| E|CS|TAMS 0x0000000710c00000, 0x0000000710c00000| Complete 
| 120|0x0000000710e00000, 0x0000000711000000, 0x0000000711000000|100%| E|CS|TAMS 0x0000000710e00000, 0x0000000710e00000| Complete 
| 121|0x0000000711000000, 0x0000000711200000, 0x0000000711200000|100%| E|CS|TAMS 0x0000000711000000, 0x0000000711000000| Complete 
| 122|0x0000000711200000, 0x0000000711400000, 0x0000000711400000|100%| E|CS|TAMS 0x0000000711200000, 0x0000000711200000| Complete 
| 123|0x0000000711400000, 0x0000000711600000, 0x0000000711600000|100%| E|CS|TAMS 0x0000000711400000, 0x0000000711400000| Complete 
| 124|0x0000000711600000, 0x0000000711800000, 0x0000000711800000|100%| E|CS|TAMS 0x0000000711600000, 0x0000000711600000| Complete 
| 125|0x0000000711800000, 0x0000000711a00000, 0x0000000711a00000|100%| E|CS|TAMS 0x0000000711800000, 0x0000000711800000| Complete 
| 126|0x0000000711a00000, 0x0000000711c00000, 0x0000000711c00000|100%| E|CS|TAMS 0x0000000711a00000, 0x0000000711a00000| Complete 
| 127|0x0000000711c00000, 0x0000000711e00000, 0x0000000711e00000|100%| E|CS|TAMS 0x0000000711c00000, 0x0000000711c00000| Complete 
| 128|0x0000000711e00000, 0x0000000712000000, 0x0000000712000000|100%| E|CS|TAMS 0x0000000711e00000, 0x0000000711e00000| Complete 
| 129|0x0000000712000000, 0x0000000712200000, 0x0000000712200000|100%| E|CS|TAMS 0x0000000712000000, 0x0000000712000000| Complete 
| 130|0x0000000712200000, 0x0000000712400000, 0x0000000712400000|100%| E|CS|TAMS 0x0000000712200000, 0x0000000712200000| Complete 
| 131|0x0000000712400000, 0x0000000712600000, 0x0000000712600000|100%| E|CS|TAMS 0x0000000712400000, 0x0000000712400000| Complete 
| 132|0x0000000712600000, 0x0000000712800000, 0x0000000712800000|100%| E|CS|TAMS 0x0000000712600000, 0x0000000712600000| Complete 
| 133|0x0000000712800000, 0x0000000712a00000, 0x0000000712a00000|100%| E|CS|TAMS 0x0000000712800000, 0x0000000712800000| Complete 
| 134|0x0000000712a00000, 0x0000000712c00000, 0x0000000712c00000|100%| E|CS|TAMS 0x0000000712a00000, 0x0000000712a00000| Complete 
| 135|0x0000000712c00000, 0x0000000712e00000, 0x0000000712e00000|100%| E|CS|TAMS 0x0000000712c00000, 0x0000000712c00000| Complete 
| 136|0x0000000712e00000, 0x0000000713000000, 0x0000000713000000|100%| E|CS|TAMS 0x0000000712e00000, 0x0000000712e00000| Complete 
| 137|0x0000000713000000, 0x0000000713200000, 0x0000000713200000|100%| E|CS|TAMS 0x0000000713000000, 0x0000000713000000| Complete 
| 138|0x0000000713200000, 0x0000000713400000, 0x0000000713400000|100%| E|CS|TAMS 0x0000000713200000, 0x0000000713200000| Complete 
| 139|0x0000000713400000, 0x0000000713600000, 0x0000000713600000|100%| E|CS|TAMS 0x0000000713400000, 0x0000000713400000| Complete 
| 140|0x0000000713600000, 0x0000000713800000, 0x0000000713800000|100%| E|CS|TAMS 0x0000000713600000, 0x0000000713600000| Complete 
| 141|0x0000000713800000, 0x0000000713a00000, 0x0000000713a00000|100%| E|CS|TAMS 0x0000000713800000, 0x0000000713800000| Complete 
|2031|0x00000007ffc00000, 0x00000007ffe00000, 0x00000007ffe00000|100%| O|  |TAMS 0x00000007ffe00000, 0x00000007ffc00000| Untracked 
|2032|0x00000007ffe00000, 0x0000000800000000, 0x0000000800000000|100%| O|  |TAMS 0x0000000800000000, 0x00000007ffe00000| Untracked 

Card table byte_map: [0x000001e84fdc0000,0x000001e8505c0000] _byte_map_base: 0x000001e84c5b1000

Marking Bits (Prev, Next): (CMBitMap*) 0x000001e836b2f080, (CMBitMap*) 0x000001e836b2f040
 Prev Bits: [0x000001e854d50000, 0x000001e858cd8000)
 Next Bits: [0x000001e850dc0000, 0x000001e854d48000)

Polling page: 0x000001e83fb30000

Metaspace:

Usage:
  Non-class:     26.24 MB used.
      Class:      3.26 MB used.
       Both:     29.50 MB used.

Virtual space:
  Non-class space:       64.00 MB reserved,      26.44 MB ( 41%) committed,  1 nodes.
      Class space:        1.00 GB reserved,       3.38 MB ( <1%) committed,  1 nodes.
             Both:        1.06 GB reserved,      29.81 MB (  3%) committed. 

Chunk freelists:
   Non-Class:  5.03 MB
       Class:  12.57 MB
        Both:  17.60 MB

MaxMetaspaceSize: unlimited
CompressedClassSpaceSize: 1.00 GB
Initial GC threshold: 21.00 MB
Current GC threshold: 44.06 MB
CDS: on
MetaspaceReclaimPolicy: balanced
 - commit_granule_bytes: 65536.
 - commit_granule_words: 8192.
 - virtual_space_node_default_size: 8388608.
 - enlarge_chunks_in_place: 1.
 - new_chunks_are_fully_committed: 0.
 - uncommit_free_chunks: 1.
 - use_allocation_guard: 0.
 - handle_deallocations: 1.


Internal statistics:

num_allocs_failed_limit: 6.
num_arena_births: 268.
num_arena_deaths: 0.
num_vsnodes_births: 2.
num_vsnodes_deaths: 0.
num_space_committed: 477.
num_space_uncommitted: 0.
num_chunks_returned_to_freelist: 6.
num_chunks_taken_from_freelist: 1429.
num_chunk_merges: 3.
num_chunk_splits: 965.
num_chunks_enlarged: 706.
num_inconsistent_stats: 0.

CodeHeap 'non-profiled nmethods': size=120000Kb used=7446Kb max_used=7446Kb free=112553Kb
 bounds [0x000001e847620000, 0x000001e847d70000, 0x000001e84eb50000]
CodeHeap 'profiled nmethods': size=120000Kb used=15329Kb max_used=16534Kb free=104671Kb
 bounds [0x000001e83fb50000, 0x000001e840b80000, 0x000001e847080000]
CodeHeap 'non-nmethods': size=5760Kb used=1213Kb max_used=1375Kb free=4546Kb
 bounds [0x000001e847080000, 0x000001e8472f0000, 0x000001e847620000]
 total_blobs=7858 nmethods=7343 adapters=427
 compilation: enabled
              stopped_count=0, restarted_count=0
 full_count=0

Compilation events (20 events):
Event: 53.534 Thread 0x000001e8a5169170 9348       4       lombok.javac.handlers.JavacHandlerUtil::isFieldDeprecated (82 bytes)
Event: 53.669 Thread 0x000001e85b8579a0 9350   !   3       jdk.internal.reflect.GeneratedMethodAccessor50::invoke (61 bytes)
Event: 53.671 Thread 0x000001e85b8579a0 nmethod 9350 0x000001e8408e9110 code [0x000001e8408e9320, 0x000001e8408e99a8]
Event: 53.699 Thread 0x000001e8a1abd5a0 nmethod 9315 0x000001e847d47710 code [0x000001e847d47ee0, 0x000001e847d4e3f8]
Event: 53.700 Thread 0x000001e8a1abd5a0 9349       4       lombok.javac.Javac::getDocComment (41 bytes)
Event: 53.770 Thread 0x000001e8a1abd5a0 nmethod 9349 0x000001e847d52b90 code [0x000001e847d52da0, 0x000001e847d53720]
Event: 53.770 Thread 0x000001e8a1abd5a0 9351   !   4       lombok.core.FieldAugment$MapFieldAugment::getAndSet (42 bytes)
Event: 53.830 Thread 0x000001e8a1abd5a0 nmethod 9351 0x000001e847d53d90 code [0x000001e847d53fa0, 0x000001e847d54c48]
Event: 53.830 Thread 0x000001e8a1abd5a0 9352       4       lombok.javac.handlers.JavacHandlerUtil::createFieldAccessor (8 bytes)
Event: 53.831 Thread 0x000001e8a1abd5a0 nmethod 9352 0x000001e847d55590 code [0x000001e847d55720, 0x000001e847d557a8]
Event: 53.863 Thread 0x000001e85b8579a0 9353       3       lombok.core.TypeResolver::typeRefToFullyQualifiedName (487 bytes)
Event: 53.866 Thread 0x000001e8a5169170 nmethod 9348 0x000001e847d55890 code [0x000001e847d55c40, 0x000001e847d58970]
Event: 53.868 Thread 0x000001e85b8579a0 nmethod 9353 0x000001e840765e90 code [0x000001e8407664a0, 0x000001e84076a148]
Event: 53.869 Thread 0x000001e85b82bf90 nmethod 9338 0x000001e847d5bc90 code [0x000001e847d5c3c0, 0x000001e847d614a8]
Event: 53.911 Thread 0x000001e85b8579a0 9354       3       lombok.javac.handlers.HandleConstructor::findFields (171 bytes)
Event: 53.913 Thread 0x000001e85b8579a0 nmethod 9354 0x000001e8402f4a10 code [0x000001e8402f4ce0, 0x000001e8402f6048]
Event: 53.952 Thread 0x000001e8a1abd5a0 9355   !   4       jdk.internal.reflect.GeneratedMethodAccessor40::invoke (81 bytes)
Event: 53.960 Thread 0x000001e8a1abd5a0 nmethod 9355 0x000001e847d64a90 code [0x000001e847d64c40, 0x000001e847d65158]
Event: 54.001 Thread 0x000001e8a5169170 9356       4       java.util.Collections$SingletonList::contains (9 bytes)
Event: 54.004 Thread 0x000001e8a5169170 nmethod 9356 0x000001e847d65410 code [0x000001e847d655a0, 0x000001e847d657d8]

GC Heap History (20 events):
Event: 35.681 GC heap after
{Heap after GC invocations=20 (full 0):
 garbage-first heap   total 245760K, used 93081K [0x0000000701e00000, 0x0000000800000000)
  region size 2048K, 3 young (6144K), 3 survivors (6144K)
 Metaspace       used 27495K, committed 27776K, reserved 1114112K
  class space    used 3059K, committed 3200K, reserved 1048576K
}
Event: 39.233 GC heap before
{Heap before GC invocations=20 (full 0):
 garbage-first heap   total 245760K, used 181145K [0x0000000701e00000, 0x0000000800000000)
  region size 2048K, 46 young (94208K), 3 survivors (6144K)
 Metaspace       used 29293K, committed 29632K, reserved 1114112K
  class space    used 3253K, committed 3392K, reserved 1048576K
}
Event: 39.247 GC heap after
{Heap after GC invocations=21 (full 0):
 garbage-first heap   total 245760K, used 94735K [0x0000000701e00000, 0x0000000800000000)
  region size 2048K, 4 young (8192K), 4 survivors (8192K)
 Metaspace       used 29293K, committed 29632K, reserved 1114112K
  class space    used 3253K, committed 3392K, reserved 1048576K
}
Event: 41.532 GC heap before
{Heap before GC invocations=21 (full 0):
 garbage-first heap   total 245760K, used 186895K [0x0000000701e00000, 0x0000000800000000)
  region size 2048K, 49 young (100352K), 4 survivors (8192K)
 Metaspace       used 29499K, committed 29760K, reserved 1114112K
  class space    used 3275K, committed 3392K, reserved 1048576K
}
Event: 41.551 GC heap after
{Heap after GC invocations=22 (full 0):
 garbage-first heap   total 245760K, used 96322K [0x0000000701e00000, 0x0000000800000000)
  region size 2048K, 5 young (10240K), 5 survivors (10240K)
 Metaspace       used 29499K, committed 29760K, reserved 1114112K
  class space    used 3275K, committed 3392K, reserved 1048576K
}
Event: 42.904 GC heap before
{Heap before GC invocations=22 (full 0):
 garbage-first heap   total 245760K, used 190530K [0x0000000701e00000, 0x0000000800000000)
  region size 2048K, 51 young (104448K), 5 survivors (10240K)
 Metaspace       used 29814K, committed 30080K, reserved 1114112K
  class space    used 3309K, committed 3456K, reserved 1048576K
}
Event: 42.924 GC heap after
{Heap after GC invocations=23 (full 0):
 garbage-first heap   total 245760K, used 98231K [0x0000000701e00000, 0x0000000800000000)
  region size 2048K, 3 young (6144K), 3 survivors (6144K)
 Metaspace       used 29814K, committed 30080K, reserved 1114112K
  class space    used 3309K, committed 3456K, reserved 1048576K
}
Event: 46.413 GC heap before
{Heap before GC invocations=23 (full 0):
 garbage-first heap   total 245760K, used 196535K [0x0000000701e00000, 0x0000000800000000)
  region size 2048K, 51 young (104448K), 3 survivors (6144K)
 Metaspace       used 29909K, committed 30208K, reserved 1114112K
  class space    used 3312K, committed 3456K, reserved 1048576K
}
Event: 46.427 GC heap after
{Heap after GC invocations=24 (full 0):
 garbage-first heap   total 245760K, used 102451K [0x0000000701e00000, 0x0000000800000000)
  region size 2048K, 5 young (10240K), 5 survivors (10240K)
 Metaspace       used 29909K, committed 30208K, reserved 1114112K
  class space    used 3312K, committed 3456K, reserved 1048576K
}
Event: 47.658 GC heap before
{Heap before GC invocations=24 (full 0):
 garbage-first heap   total 245760K, used 198707K [0x0000000701e00000, 0x0000000800000000)
  region size 2048K, 52 young (106496K), 5 survivors (10240K)
 Metaspace       used 29915K, committed 30208K, reserved 1114112K
  class space    used 3312K, committed 3456K, reserved 1048576K
}
Event: 47.669 GC heap after
{Heap after GC invocations=25 (full 0):
 garbage-first heap   total 245760K, used 104571K [0x0000000701e00000, 0x0000000800000000)
  region size 2048K, 5 young (10240K), 5 survivors (10240K)
 Metaspace       used 29915K, committed 30208K, reserved 1114112K
  class space    used 3312K, committed 3456K, reserved 1048576K
}
Event: 48.993 GC heap before
{Heap before GC invocations=25 (full 0):
 garbage-first heap   total 245760K, used 200827K [0x0000000701e00000, 0x0000000800000000)
  region size 2048K, 52 young (106496K), 5 survivors (10240K)
 Metaspace       used 30092K, committed 30400K, reserved 1114112K
  class space    used 3336K, committed 3456K, reserved 1048576K
}
Event: 49.012 GC heap after
{Heap after GC invocations=26 (full 0):
 garbage-first heap   total 245760K, used 109114K [0x0000000701e00000, 0x0000000800000000)
  region size 2048K, 6 young (12288K), 6 survivors (12288K)
 Metaspace       used 30092K, committed 30400K, reserved 1114112K
  class space    used 3336K, committed 3456K, reserved 1048576K
}
Event: 50.425 GC heap before
{Heap before GC invocations=26 (full 0):
 garbage-first heap   total 245760K, used 203322K [0x0000000701e00000, 0x0000000800000000)
  region size 2048K, 52 young (106496K), 6 survivors (12288K)
 Metaspace       used 30160K, committed 30464K, reserved 1114112K
  class space    used 3337K, committed 3456K, reserved 1048576K
}
Event: 50.455 GC heap after
{Heap after GC invocations=27 (full 0):
 garbage-first heap   total 245760K, used 113905K [0x0000000701e00000, 0x0000000800000000)
  region size 2048K, 6 young (12288K), 6 survivors (12288K)
 Metaspace       used 30160K, committed 30464K, reserved 1114112K
  class space    used 3337K, committed 3456K, reserved 1048576K
}
Event: 51.470 GC heap before
{Heap before GC invocations=27 (full 0):
 garbage-first heap   total 245760K, used 208113K [0x0000000701e00000, 0x0000000800000000)
  region size 2048K, 51 young (104448K), 6 survivors (12288K)
 Metaspace       used 30180K, committed 30464K, reserved 1114112K
  class space    used 3338K, committed 3456K, reserved 1048576K
}
Event: 51.509 GC heap after
{Heap after GC invocations=28 (full 0):
 garbage-first heap   total 294912K, used 119597K [0x0000000701e00000, 0x0000000800000000)
  region size 2048K, 5 young (10240K), 5 survivors (10240K)
 Metaspace       used 30180K, committed 30464K, reserved 1114112K
  class space    used 3338K, committed 3456K, reserved 1048576K
}
Event: 52.824 GC heap before
{Heap before GC invocations=28 (full 0):
 garbage-first heap   total 294912K, used 244525K [0x0000000701e00000, 0x0000000800000000)
  region size 2048K, 66 young (135168K), 5 survivors (10240K)
 Metaspace       used 30203K, committed 30528K, reserved 1114112K
  class space    used 3338K, committed 3456K, reserved 1048576K
}
Event: 52.857 GC heap after
{Heap after GC invocations=29 (full 0):
 garbage-first heap   total 294912K, used 124558K [0x0000000701e00000, 0x0000000800000000)
  region size 2048K, 8 young (16384K), 8 survivors (16384K)
 Metaspace       used 30203K, committed 30528K, reserved 1114112K
  class space    used 3338K, committed 3456K, reserved 1048576K
}
Event: 54.027 GC heap before
{Heap before GC invocations=29 (full 0):
 garbage-first heap   total 294912K, used 243342K [0x0000000701e00000, 0x0000000800000000)
  region size 2048K, 66 young (135168K), 8 survivors (16384K)
 Metaspace       used 30212K, committed 30528K, reserved 1114112K
  class space    used 3338K, committed 3456K, reserved 1048576K
}

Deoptimization events (20 events):
Event: 52.246 Thread 0x000001e836ac30c0 Uncommon trap: trap_request=0xffffffbe fr.pc=0x000001e847d1c10c relative=0x0000000000001cec
Event: 52.246 Thread 0x000001e836ac30c0 Uncommon trap: reason=profile_predicate action=maybe_recompile pc=0x000001e847d1c10c method=lombok.javac.handlers.JavacHandlerUtil.addAnnotation(Lcom/sun/tools/javac/tree/JCTree$JCModifiers;Llombok/javac/JavacNode;Llombok/javac/JavacNode;Ljava/lang/String
Event: 52.246 Thread 0x000001e836ac30c0 DEOPT PACKING pc=0x000001e847d1c10c sp=0x00000071db4fc600
Event: 52.246 Thread 0x000001e836ac30c0 DEOPT UNPACKING pc=0x000001e8470d23a3 sp=0x00000071db4fc5f8 mode 2
Event: 52.416 Thread 0x000001e836ac30c0 Uncommon trap: trap_request=0xffffffbe fr.pc=0x000001e847d22b80 relative=0x0000000000002200
Event: 52.423 Thread 0x000001e836ac30c0 Uncommon trap: reason=profile_predicate action=maybe_recompile pc=0x000001e847d22b80 method=lombok.javac.handlers.JavacHandlerUtil.addAnnotation(Lcom/sun/tools/javac/tree/JCTree$JCModifiers;Llombok/javac/JavacNode;Llombok/javac/JavacNode;Ljava/lang/String
Event: 52.424 Thread 0x000001e836ac30c0 DEOPT PACKING pc=0x000001e847d22b80 sp=0x00000071db4fc6e0
Event: 52.424 Thread 0x000001e836ac30c0 DEOPT UNPACKING pc=0x000001e8470d23a3 sp=0x00000071db4fc630 mode 2
Event: 52.711 Thread 0x000001e836ac30c0 Uncommon trap: trap_request=0xffffff45 fr.pc=0x000001e847cbd750 relative=0x0000000000000270
Event: 52.711 Thread 0x000001e836ac30c0 Uncommon trap: reason=unstable_if action=reinterpret pc=0x000001e847cbd750 method=java.util.WeakHashMap.matchesKey(Ljava/util/WeakHashMap$Entry;Ljava/lang/Object;)Z @ 24 c2
Event: 52.711 Thread 0x000001e836ac30c0 DEOPT PACKING pc=0x000001e847cbd750 sp=0x00000071db4fc570
Event: 52.711 Thread 0x000001e836ac30c0 DEOPT UNPACKING pc=0x000001e8470d23a3 sp=0x00000071db4fc2f0 mode 2
Event: 53.464 Thread 0x000001e836ac30c0 Uncommon trap: trap_request=0xffffff45 fr.pc=0x000001e847cb59c4 relative=0x00000000000009a4
Event: 53.464 Thread 0x000001e836ac30c0 Uncommon trap: reason=unstable_if action=reinterpret pc=0x000001e847cb59c4 method=java.util.WeakHashMap.matchesKey(Ljava/util/WeakHashMap$Entry;Ljava/lang/Object;)Z @ 24 c2
Event: 53.464 Thread 0x000001e836ac30c0 DEOPT PACKING pc=0x000001e847cb59c4 sp=0x00000071db4fc3a0
Event: 53.464 Thread 0x000001e836ac30c0 DEOPT UNPACKING pc=0x000001e8470d23a3 sp=0x00000071db4fc1f8 mode 2
Event: 53.863 Thread 0x000001e836ac30c0 Uncommon trap: trap_request=0xffffff45 fr.pc=0x000001e847c2f780 relative=0x0000000000003160
Event: 53.863 Thread 0x000001e836ac30c0 Uncommon trap: reason=unstable_if action=reinterpret pc=0x000001e847c2f780 method=lombok.core.TypeResolver.typeRefToFullyQualifiedName(Llombok/core/LombokNode;Llombok/core/TypeLibrary;Ljava/lang/String;)Ljava/lang/String; @ 482 c2
Event: 53.863 Thread 0x000001e836ac30c0 DEOPT PACKING pc=0x000001e847c2f780 sp=0x00000071db4fc8b0
Event: 53.863 Thread 0x000001e836ac30c0 DEOPT UNPACKING pc=0x000001e8470d23a3 sp=0x00000071db4fc898 mode 2

Classes unloaded (0 events):
No events

Classes redefined (0 events):
No events

Internal exceptions (20 events):
Event: 35.262 Thread 0x000001e836ac30c0 Exception <a 'sun/nio/fs/WindowsException'{0x000000070c38f5a0}> (0x000000070c38f5a0) 
thrown [s\open\src\hotspot\share\prims\jni.cpp, line 516]
Event: 35.262 Thread 0x000001e836ac30c0 Exception <a 'sun/nio/fs/WindowsException'{0x000000070c38f800}> (0x000000070c38f800) 
thrown [s\open\src\hotspot\share\prims\jni.cpp, line 516]
Event: 35.262 Thread 0x000001e836ac30c0 Exception <a 'sun/nio/fs/WindowsException'{0x000000070c391430}> (0x000000070c391430) 
thrown [s\open\src\hotspot\share\prims\jni.cpp, line 516]
Event: 35.262 Thread 0x000001e836ac30c0 Exception <a 'sun/nio/fs/WindowsException'{0x000000070c3916d0}> (0x000000070c3916d0) 
thrown [s\open\src\hotspot\share\prims\jni.cpp, line 516]
Event: 35.262 Thread 0x000001e836ac30c0 Exception <a 'sun/nio/fs/WindowsException'{0x000000070c392b20}> (0x000000070c392b20) 
thrown [s\open\src\hotspot\share\prims\jni.cpp, line 516]
Event: 35.262 Thread 0x000001e836ac30c0 Exception <a 'sun/nio/fs/WindowsException'{0x000000070c392e50}> (0x000000070c392e50) 
thrown [s\open\src\hotspot\share\prims\jni.cpp, line 516]
Event: 35.836 Thread 0x000001e836ac30c0 Exception <a 'sun/nio/fs/WindowsException'{0x000000070f881880}> (0x000000070f881880) 
thrown [s\open\src\hotspot\share\prims\jni.cpp, line 516]
Event: 35.836 Thread 0x000001e836ac30c0 Exception <a 'sun/nio/fs/WindowsException'{0x000000070f881b20}> (0x000000070f881b20) 
thrown [s\open\src\hotspot\share\prims\jni.cpp, line 516]
Event: 35.836 Thread 0x000001e836ac30c0 Exception <a 'sun/nio/fs/WindowsException'{0x000000070f883a90}> (0x000000070f883a90) 
thrown [s\open\src\hotspot\share\prims\jni.cpp, line 516]
Event: 35.837 Thread 0x000001e836ac30c0 Exception <a 'sun/nio/fs/WindowsException'{0x000000070f883ce0}> (0x000000070f883ce0) 
thrown [s\open\src\hotspot\share\prims\jni.cpp, line 516]
Event: 35.837 Thread 0x000001e836ac30c0 Exception <a 'sun/nio/fs/WindowsException'{0x000000070f886780}> (0x000000070f886780) 
thrown [s\open\src\hotspot\share\prims\jni.cpp, line 516]
Event: 35.837 Thread 0x000001e836ac30c0 Exception <a 'sun/nio/fs/WindowsException'{0x000000070f886a18}> (0x000000070f886a18) 
thrown [s\open\src\hotspot\share\prims\jni.cpp, line 516]
Event: 35.837 Thread 0x000001e836ac30c0 Exception <a 'sun/nio/fs/WindowsException'{0x000000070f887e60}> (0x000000070f887e60) 
thrown [s\open\src\hotspot\share\prims\jni.cpp, line 516]
Event: 35.837 Thread 0x000001e836ac30c0 Exception <a 'sun/nio/fs/WindowsException'{0x000000070f888180}> (0x000000070f888180) 
thrown [s\open\src\hotspot\share\prims\jni.cpp, line 516]
Event: 36.453 Thread 0x000001e836ac30c0 Implicit null exception at 0x000001e847761530 to 0x000001e8477619a0
Event: 36.579 Thread 0x000001e836ac30c0 Implicit null exception at 0x000001e84780776f to 0x000001e847807968
Event: 38.701 Thread 0x000001e836ac30c0 Implicit null exception at 0x000001e847838b00 to 0x000001e84783911c
Event: 42.089 Thread 0x000001e836ac30c0 Implicit null exception at 0x000001e847bdacb0 to 0x000001e847bdace4
Event: 42.103 Thread 0x000001e836ac30c0 Implicit null exception at 0x000001e847830f4f to 0x000001e8478310c0
Event: 47.670 Thread 0x000001e836ac30c0 Implicit null exception at 0x000001e847a3274f to 0x000001e847a330f7

VM Operations (20 events):
Event: 47.669 Executing VM operation: G1CollectForAllocation done
Event: 48.682 Executing VM operation: Cleanup
Event: 48.683 Executing VM operation: Cleanup done
Event: 48.993 Executing VM operation: G1CollectForAllocation
Event: 49.013 Executing VM operation: G1CollectForAllocation done
Event: 50.018 Executing VM operation: Cleanup
Event: 50.019 Executing VM operation: Cleanup done
Event: 50.425 Executing VM operation: G1CollectForAllocation
Event: 50.455 Executing VM operation: G1CollectForAllocation done
Event: 51.456 Executing VM operation: Cleanup
Event: 51.464 Executing VM operation: Cleanup done
Event: 51.470 Executing VM operation: G1CollectForAllocation
Event: 51.509 Executing VM operation: G1CollectForAllocation done
Event: 52.517 Executing VM operation: Cleanup
Event: 52.518 Executing VM operation: Cleanup done
Event: 52.824 Executing VM operation: G1CollectForAllocation
Event: 52.857 Executing VM operation: G1CollectForAllocation done
Event: 53.865 Executing VM operation: Cleanup
Event: 53.866 Executing VM operation: Cleanup done
Event: 54.027 Executing VM operation: G1CollectForAllocation

Events (20 events):
Event: 46.143 Thread 0x000001e85b857ec0 flushing nmethod 0x000001e840ac4e10
Event: 46.143 Thread 0x000001e85b857ec0 flushing nmethod 0x000001e840acb510
Event: 46.143 Thread 0x000001e85b857ec0 flushing nmethod 0x000001e840acbd10
Event: 46.143 Thread 0x000001e85b857ec0 flushing nmethod 0x000001e840acca90
Event: 46.143 Thread 0x000001e85b857ec0 flushing nmethod 0x000001e840acdd10
Event: 46.143 Thread 0x000001e85b857ec0 flushing nmethod 0x000001e840ad4e90
Event: 46.143 Thread 0x000001e85b857ec0 flushing nmethod 0x000001e840ae1610
Event: 46.143 Thread 0x000001e85b857ec0 flushing nmethod 0x000001e840ae1d10
Event: 46.143 Thread 0x000001e85b857ec0 flushing nmethod 0x000001e840ae6690
Event: 46.143 Thread 0x000001e85b857ec0 flushing nmethod 0x000001e840aea710
Event: 46.143 Thread 0x000001e85b857ec0 flushing nmethod 0x000001e840af9010
Event: 47.433 Thread 0x000001e8a1f4be00 Thread exited: 0x000001e8a1f4be00
Event: 47.728 Thread 0x000001e8a1f4be00 Thread added: 0x000001e8a1f4be00
Event: 47.729 Thread 0x000001e8a1627010 Thread added: 0x000001e8a1627010
Event: 48.508 Thread 0x000001e8a1627010 Thread exited: 0x000001e8a1627010
Event: 48.569 Thread 0x000001e8a1f4be00 Thread exited: 0x000001e8a1f4be00
Event: 48.825 Thread 0x000001e8a1f4be00 Thread added: 0x000001e8a1f4be00
Event: 49.341 Thread 0x000001e8a1f4be00 Thread exited: 0x000001e8a1f4be00
Event: 51.011 Thread 0x000001e8a1abd5a0 Thread added: 0x000001e8a1abd5a0
Event: 51.912 Thread 0x000001e8a5169170 Thread added: 0x000001e8a5169170


Dynamic libraries:
0x00007ff6a9d40000 - 0x00007ff6a9d50000 	C:\Program Files\Java\jdk-17\bin\java.exe
0x00007ffa58600000 - 0x00007ffa58867000 	C:\WINDOWS\SYSTEM32\ntdll.dll
0x00007ffa57a70000 - 0x00007ffa57b39000 	C:\WINDOWS\System32\KERNEL32.DLL
0x00007ffa55500000 - 0x00007ffa558f4000 	C:\WINDOWS\System32\KERNELBASE.dll
0x00007ffa54f80000 - 0x00007ffa550cb000 	C:\WINDOWS\System32\ucrtbase.dll
0x00007ffa33e10000 - 0x00007ffa33e29000 	C:\Program Files\Java\jdk-17\bin\jli.dll
0x00007ffa2ce70000 - 0x00007ffa2ce8b000 	C:\Program Files\Java\jdk-17\bin\VCRUNTIME140.dll
0x00007ffa56df0000 - 0x00007ffa56ea6000 	C:\WINDOWS\System32\ADVAPI32.dll
0x00007ffa57e60000 - 0x00007ffa57f09000 	C:\WINDOWS\System32\msvcrt.dll
0x00007ffa57ca0000 - 0x00007ffa57d47000 	C:\WINDOWS\System32\sechost.dll
0x00007ffa584a0000 - 0x00007ffa585b8000 	C:\WINDOWS\System32\RPCRT4.dll
0x00007ffa56820000 - 0x00007ffa569e5000 	C:\WINDOWS\System32\USER32.dll
0x00007ffa40270000 - 0x00007ffa40503000 	C:\WINDOWS\WinSxS\amd64_microsoft.windows.common-controls_6595b64144ccf1df_6.0.26100.8115_none_3e075c82e3354f9c\COMCTL32.dll
0x00007ffa56170000 - 0x00007ffa56197000 	C:\WINDOWS\System32\win32u.dll
0x00007ffa571e0000 - 0x00007ffa5720b000 	C:\WINDOWS\System32\GDI32.dll
0x00007ffa561a0000 - 0x00007ffa562cb000 	C:\WINDOWS\System32\gdi32full.dll
0x00007ffa54ed0000 - 0x00007ffa54f73000 	C:\WINDOWS\System32\msvcp_win.dll
0x00007ffa4a7b0000 - 0x00007ffa4a7bb000 	C:\WINDOWS\SYSTEM32\VERSION.dll
0x00007ffa57e20000 - 0x00007ffa57e52000 	C:\WINDOWS\System32\IMM32.DLL
0x00007ffa395b0000 - 0x00007ffa395bc000 	C:\Program Files\Java\jdk-17\bin\vcruntime140_1.dll
0x00007ffa261a0000 - 0x00007ffa2622e000 	C:\Program Files\Java\jdk-17\bin\msvcp140.dll
0x00007ff9c3b30000 - 0x00007ff9c4710000 	C:\Program Files\Java\jdk-17\bin\server\jvm.dll
0x00007ffa583f0000 - 0x00007ffa583f8000 	C:\WINDOWS\System32\PSAPI.DLL
0x00007ffa386f0000 - 0x00007ffa386fa000 	C:\WINDOWS\SYSTEM32\WSOCK32.dll
0x00007ffa56eb0000 - 0x00007ffa56f30000 	C:\WINDOWS\System32\WS2_32.dll
0x00007ffa45760000 - 0x00007ffa45796000 	C:\WINDOWS\SYSTEM32\WINMM.dll
0x00007ffa53c60000 - 0x00007ffa53c7b000 	C:\WINDOWS\SYSTEM32\kernel.appcore.dll
0x00007ffa39230000 - 0x00007ffa3923a000 	C:\Program Files\Java\jdk-17\bin\jimage.dll
0x00007ffa4fb60000 - 0x00007ffa4fda2000 	C:\WINDOWS\SYSTEM32\DBGHELP.DLL
0x00007ffa56390000 - 0x00007ffa56712000 	C:\WINDOWS\System32\combase.dll
0x00007ffa57990000 - 0x00007ffa57a68000 	C:\WINDOWS\System32\OLEAUT32.dll
0x00007ffa39c70000 - 0x00007ffa39cab000 	C:\WINDOWS\SYSTEM32\dbgcore.DLL
0x00007ffa552e0000 - 0x00007ffa55385000 	C:\WINDOWS\System32\bcryptPrimitives.dll
0x00007ffa2ccf0000 - 0x00007ffa2cd15000 	C:\Program Files\Java\jdk-17\bin\java.dll
0x00007ffa119d0000 - 0x00007ffa11aa7000 	C:\Program Files\Java\jdk-17\bin\jsvml.dll
0x00007ffa57220000 - 0x00007ffa57987000 	C:\WINDOWS\System32\SHELL32.dll
0x00007ffa55390000 - 0x00007ffa554fa000 	C:\WINDOWS\System32\wintypes.dll
0x00007ffa55900000 - 0x00007ffa56168000 	C:\WINDOWS\System32\windows.storage.dll
0x00007ffa56720000 - 0x00007ffa56818000 	C:\WINDOWS\System32\SHCORE.dll
0x00007ffa57d50000 - 0x00007ffa57db6000 	C:\WINDOWS\System32\shlwapi.dll
0x00007ffa54df0000 - 0x00007ffa54e19000 	C:\WINDOWS\SYSTEM32\profapi.dll
0x00007ffa2ccd0000 - 0x00007ffa2cce9000 	C:\Program Files\Java\jdk-17\bin\net.dll
0x00007ffa4a910000 - 0x00007ffa4aa3d000 	C:\WINDOWS\SYSTEM32\WINHTTP.dll
0x00007ffa541d0000 - 0x00007ffa5423c000 	C:\WINDOWS\system32\mswsock.dll
0x00007ffa29af0000 - 0x00007ffa29b06000 	C:\Program Files\Java\jdk-17\bin\nio.dll
0x00007ffa28ae0000 - 0x00007ffa28af8000 	C:\Program Files\Java\jdk-17\bin\zip.dll
0x00007ffa26170000 - 0x00007ffa26194000 	C:\Program Files\apache-maven-3.9.11-bin\apache-maven-3.9.11\lib\jansi-native\Windows\x86_64\jansi.dll
0x00007ffa37c80000 - 0x00007ffa37c90000 	C:\Program Files\Java\jdk-17\bin\verify.dll
0x00007ffa53d80000 - 0x00007ffa53db6000 	C:\WINDOWS\SYSTEM32\ntmarta.dll

dbghelp: loaded successfully - version: 4.0.5 - missing functions: none
symbol engine: initialized successfully - sym options: 0x614 - pdb path: .;C:\Program Files\Java\jdk-17\bin;C:\WINDOWS\SYSTEM32;C:\WINDOWS\WinSxS\amd64_microsoft.windows.common-controls_6595b64144ccf1df_6.0.26100.8115_none_3e075c82e3354f9c;C:\Program Files\Java\jdk-17\bin\server;C:\Program Files\apache-maven-3.9.11-bin\apache-maven-3.9.11\lib\jansi-native\Windows\x86_64

VM Arguments:
jvm_args: --enable-native-access=ALL-UNNAMED -Dclassworlds.conf=C:\Program Files\apache-maven-3.9.11-bin\apache-maven-3.9.11\bin\m2.conf -Dmaven.home=C:\Program Files\apache-maven-3.9.11-bin\apache-maven-3.9.11 -Dlibrary.jansi.path=C:\Program Files\apache-maven-3.9.11-bin\apache-maven-3.9.11\lib\jansi-native -Dmaven.multiModuleProjectDirectory=D:\SMS\sms 
java_command: org.codehaus.plexus.classworlds.launcher.Launcher clean compile
java_class_path (initial): C:\Program Files\apache-maven-3.9.11-bin\apache-maven-3.9.11\boot\plexus-classworlds-2.9.0.jar
Launcher Type: SUN_STANDARD

[Global flags]
     intx CICompilerCount                          = 4                                         {product} {ergonomic}
     uint ConcGCThreads                            = 2                                         {product} {ergonomic}
     uint G1ConcRefinementThreads                  = 8                                         {product} {ergonomic}
   size_t G1HeapRegionSize                         = 2097152                                   {product} {ergonomic}
    uintx GCDrainStackTargetSize                   = 64                                        {product} {ergonomic}
   size_t InitialHeapSize                          = 268435456                                 {product} {ergonomic}
   size_t MarkStackSize                            = 4194304                                   {product} {ergonomic}
   size_t MaxHeapSize                              = 4263510016                                {product} {ergonomic}
   size_t MaxNewSize                               = 2556428288                                {product} {ergonomic}
   size_t MinHeapDeltaBytes                        = 2097152                                   {product} {ergonomic}
   size_t MinHeapSize                              = 8388608                                   {product} {ergonomic}
    uintx NonNMethodCodeHeapSize                   = 5839372                                {pd product} {ergonomic}
    uintx NonProfiledCodeHeapSize                  = 122909434                              {pd product} {ergonomic}
    uintx ProfiledCodeHeapSize                     = 122909434                              {pd product} {ergonomic}
    uintx ReservedCodeCacheSize                    = 251658240                              {pd product} {ergonomic}
     bool SegmentedCodeCache                       = true                                      {product} {ergonomic}
   size_t SoftMaxHeapSize                          = 4263510016                             {manageable} {ergonomic}
     bool UseCompressedClassPointers               = true                           {product lp64_product} {ergonomic}
     bool UseCompressedOops                        = true                           {product lp64_product} {ergonomic}
     bool UseG1GC                                  = true                                      {product} {ergonomic}
     bool UseLargePagesIndividualAllocation        = false                                  {pd product} {ergonomic}

Logging:
Log output configuration:
 #0: stdout all=warning uptime,level,tags
 #1: stderr all=off uptime,level,tags

Environment Variables:
PATH=C:\Program Files\Common Files\Oracle\Java\javapath;C:\WINDOWS\system32;C:\WINDOWS;C:\WINDOWS\System32\Wbem;C:\WINDOWS\System32\WindowsPowerShell\v1.0\;C:\WINDOWS\System32\OpenSSH\;C:\Program Files\Java\jdk-17\bin;C:\Users\Expertflow\.dnx\bin;C:\Program Files\Microsoft DNX\Dnvm\;C:\Program Files\Microsoft SQL Server\120\Tools\Binn\;C:\Program Files\Microsoft SQL Server\130\Tools\Binn\;C:\Program Files\Git\cmd;C:\Program Files\nodejs\;C:\Program Files\apache-maven-3.9.11-bin\apache-maven-3.9.11\bin;C:\Program Files\MySQL\MySQL Shell 8.0\bin\;C:\Users\Expertflow\AppData\Local\Microsoft\WindowsApps;C:\Users\Expertflow\AppData\Local\Programs\Microsoft VS Code\bin;C:\Users\Expertflow\AppData\Roaming\npm;C:\Users\Expertflow\AppData\Local\Programs\Antigravity\bin;C:\Users\Expertflow\AppData\Local\Programs\cursor\resources\app\bin
USERNAME=Expertflow
OS=Windows_NT
PROCESSOR_IDENTIFIER=Intel64 Family 6 Model 158 Stepping 9, GenuineIntel



---------------  S Y S T E M  ---------------

OS:
 Windows 11 , 64 bit Build 26100 (10.0.26100.8246)
OS uptime: 2 days 23:47 hours
Hyper-V role detected

CPU: total 8 (initial active 8) (4 cores per cpu, 2 threads per core) family 6 model 158 stepping 9 microcode 0xf8, cx8, cmov, fxsr, ht, mmx, 3dnowpref, sse, sse2, sse3, ssse3, sse4.1, sse4.2, popcnt, lzcnt, tsc, tscinvbit, avx, avx2, aes, erms, clmul, bmi1, bmi2, rtm, adx, fma, vzeroupper, clflush, clflushopt, hv

Memory: 4k page, system-wide physical 16259M (2717M free)
TotalPageFile size 36739M (AvailPageFile size 6447M)
current process WorkingSet (physical memory assigned to process): 447M, peak: 447M
current process commit charge ("private bytes"): 492M, peak: 493M

vm_info: Java HotSpot(TM) 64-Bit Server VM (17.0.12+8-LTS-286) for windows-amd64 JRE (17.0.12+8-LTS-286), built on Jun  5 2024 06:46:59 by "mach5one" with MS VC++ 17.6 (VS2022)

END.
