#
# A fatal error has been detected by the Java Runtime Environment:
#
#  EXCEPTION_ACCESS_VIOLATION (0xc0000005) at pc=0x00007ffa58678c9b, pid=25124, tid=26752
#
# JRE version: OpenJDK Runtime Environment Temurin-21.0.10+7 (21.0.10+7) (build 21.0.10+7-LTS)
# Java VM: OpenJDK 64-Bit Server VM Temurin-21.0.10+7 (21.0.10+7-LTS, mixed mode, sharing, tiered, compressed oops, compressed class ptrs, parallel gc, windows-amd64)
# Problematic frame:
# C  [ntdll.dll+0x78c9b]
#
# No core dump will be written. Minidumps are not enabled by default on client versions of Windows
#
# If you would like to submit a bug report, please visit:
#   https://github.com/adoptium/adoptium-support/issues
#

---------------  S U M M A R Y ------------

Command Line: --add-modules=ALL-SYSTEM --add-opens=java.base/java.util=ALL-UNNAMED --add-opens=java.base/java.lang=ALL-UNNAMED --add-opens=java.base/sun.nio.fs=ALL-UNNAMED -Declipse.application=org.eclipse.jdt.ls.core.id1 -Dosgi.bundles.defaultStartLevel=4 -Declipse.product=org.eclipse.jdt.ls.core.product -Djava.import.generatesMetadataFilesAtProjectRoot=false -DDetectVMInstallationsJob.disabled=true -Dfile.encoding=utf8 -XX:+UseParallelGC -XX:GCTimeRatio=4 -XX:AdaptiveSizePolicyWeight=90 -Dsun.zip.disableMemoryMapping=true -Xmx2G -Xms100m -Xlog:disable -javaagent:c:\Users\Expertflow\.antigravity\extensions\redhat.java-1.54.0-win32-x64\lombok\lombok-1.18.39-4050.jar -XX:+HeapDumpOnOutOfMemoryError -XX:HeapDumpPath=c:\Users\Expertflow\AppData\Roaming\Antigravity\User\workspaceStorage\782133077b2946f882cd12a4b71ceda4\redhat.java -Daether.dependencyCollector.impl=bf c:\Users\Expertflow\.antigravity\extensions\redhat.java-1.54.0-win32-x64\server\plugins\org.eclipse.equinox.launcher_1.7.100.v20251111-0406.jar -configuration c:\Users\Expertflow\AppData\Roaming\Antigravity\User\globalStorage\redhat.java\1.54.0\config_win -data c:\Users\Expertflow\AppData\Roaming\Antigravity\User\workspaceStorage\782133077b2946f882cd12a4b71ceda4\redhat.java\jdt_ws --pipe=\\.\pipe\lsp-6e7b8b2ceeb5766ab6149094dfc60661-sock

Host: Intel(R) Core(TM) i7-7820HQ CPU @ 2.90GHz, 8 cores, 15G,  Windows 11 , 64 bit Build 26100 (10.0.26100.8246)
Time: Mon May  4 11:50:29 2026 Pakistan Standard Time elapsed time: 114.635182 seconds (0d 0h 1m 54s)

---------------  T H R E A D  ---------------

Current thread (0x0000019704596750):  JavaThread "C2 CompilerThread1" daemon [_thread_in_vm, id=26752, stack(0x0000008d9ee00000,0x0000008d9ef00000) (1024K)]

Stack: [0x0000008d9ee00000,0x0000008d9ef00000],  sp=0x0000008d9eeffb20,  free space=1022k
Native frames: (J=compiled Java code, j=interpreted, Vv=VM code, C=native code)
C  [ntdll.dll+0x78c9b]
C  [ucrtbase.dll+0x1e0fb]
V  [jvm.dll+0x474193]
V  [jvm.dll+0x3f5edb]
V  [jvm.dll+0x3f73f3]
V  [jvm.dll+0x6d626d]
C  [ucrtbase.dll+0x37b0]
C  [KERNEL32.DLL+0x2e8d7]
C  [ntdll.dll+0x8c3fc]


siginfo: EXCEPTION_ACCESS_VIOLATION (0xc0000005), reading address 0xffffffffffffffff


Registers:
RAX=0x0000000005f4d0f0, RBX=0x0000000000000000, RCX=0x00000197212b0d50, RDX=0x0000000000000760
RSP=0x0000008d9eeffb20, RBP=0x0000000000000000, RSI=0x0000019705f4d850, RDI=0x000001977fdb5c00
R8 =0x000000007143625d, R9 =0x000001977de63340, R10=0x00000197212b0000, R11=0x0000008d9eeffc68
R12=0x0000000000000000, R13=0x0000000000000000, R14=0x0000000000000006, R15=0x0008019705f4d0f0
RIP=0x00007ffa58678c9b, EFLAGS=0x0000000000010a06

XMM[0]=0x0000000000000000 0x40c04fb3020c49ba
XMM[1]=0x0000000000000000 0x416312d000000000
XMM[2]=0x0000000000000000 0x0000000000000000
XMM[3]=0x0000000000000000 0x0000000000000000
XMM[4]=0x0000000000000000 0x0000000000000000
XMM[5]=0x0000000000000000 0x0000000000000000
XMM[6]=0x0000000000000000 0x0000000000000000
XMM[7]=0x0000000000000000 0x0000000000000000
XMM[8]=0x0000000000000000 0x0000000000000000
XMM[9]=0x0000000000000000 0x0000000000000000
XMM[10]=0x0000000000000000 0x0000000000000000
XMM[11]=0x0000000000000000 0x0000000000000000
XMM[12]=0x0000000000000000 0x0000000000000000
XMM[13]=0x0000000000000000 0x0000000000000000
XMM[14]=0x0000000000000000 0x0000000000000000
XMM[15]=0x0000000000000000 0x0000000000000000
  MXCSR=0x00001fa0


Register to memory mapping:

RAX=0x0000000005f4d0f0 is an unknown value
RBX=0x0 is null
RCX=0x00000197212b0d50 points into unknown readable memory: 0x00000000011e0001 | 01 00 1e 01 00 00 00 00
RDX=0x0000000000000760 is an unknown value
RSP=0x0000008d9eeffb20 is pointing into the stack for thread: 0x0000019704596750
RBP=0x0 is null
RSI=0x0000019705f4d850 points into unknown readable memory: 0x016c6c41736e6961 | 61 69 6e 73 41 6c 6c 01
RDI=0x000001977fdb5c00 points into unknown readable memory: 0x00000197212ba380 | 80 a3 2b 21 97 01 00 00
R8 =0x000000007143625d is an unknown value
R9 =0x000001977de63340 points into unknown readable memory: 0x0000000000000002 | 02 00 00 00 00 00 00 00
R10=0x00000197212b0000 points into unknown readable memory: 0x0000000000000000 | 00 00 00 00 00 00 00 00
R11=0x0000008d9eeffc68 is pointing into the stack for thread: 0x0000019704596750
R12=0x0 is null
R13=0x0 is null
R14=0x0000000000000006 is an unknown value
R15=0x0008019705f4d0f0 is an unknown value

Top of Stack: (sp=0x0000008d9eeffb20)
0x0000008d9eeffb20:   0000000000000000 0000000000000000
0x0000008d9eeffb30:   00000197238689e0 00007ff9efbb85f9
0x0000008d9eeffb40:   00007ff9f061d560 00007ff9f0004fff
0x0000008d9eeffb50:   000001977de63100 000001977dd2e350
0x0000008d9eeffb60:   0000000000000070 00007ff9efc6f419
0x0000008d9eeffb70:   0000000000000070 00007ff9efbb9fe9
0x0000008d9eeffb80:   00007ff9f061d560 0000000000000000
0x0000008d9eeffb90:   0000019704596750 00007ff9f061d560
0x0000008d9eeffba0:   00007ffa550b88b0 00007ffa54f90139
0x0000008d9eeffbb0:   0000000000000000 000001977de63100
0x0000008d9eeffbc0:   000001977e159130 0000019701bcb8a8
0x0000008d9eeffbd0:   0000000000000000 0000019704596750
0x0000008d9eeffbe0:   0000000000000000 0000000000000000
0x0000008d9eeffbf0:   0000000000000000 0000000000000000
0x0000008d9eeffc00:   0000000000000000 00007ffa54f9e0fb
0x0000008d9eeffc10:   0000019721450000 00007ff900000000
0x0000008d9eeffc20:   0000019705f4d860 0000008d9eeffd20
0x0000008d9eeffc30:   0000000000000000 00007ff9efdd4193
0x0000008d9eeffc40:   00006c36bbe78a73 0000019700000000
0x0000008d9eeffc50:   0000019706642630 00007ffa54f9e0fb
0x0000008d9eeffc60:   00007ff9f03a6f70 00007ff9efd55edb
0x0000008d9eeffc70:   00007ff9f03a6f68 0000008d9eeffd70
0x0000008d9eeffc80:   00000000802b73b0 00007ff9f0035c8f
0x0000008d9eeffc90:   000001977de63100 0000019700000000
0x0000008d9eeffca0:   0000019704596998 00007ff9f010c907
0x0000008d9eeffcb0:   0000019704596750 000001977f9b8968
0x0000008d9eeffcc0:   0000000000000011 000001977e159518
0x0000008d9eeffcd0:   0000000000000000 0000000000000000
0x0000008d9eeffce0:   0000019704596750 0000000000000000
0x0000008d9eeffcf0:   000001977de63100 000001977e159100
0x0000008d9eeffd00:   0000000000000000 0000000000000000
0x0000008d9eeffd10:   0000019704596700 0000000000000000 

Instructions: (pc=0x00007ffa58678c9b)
0x00007ffa58678b9b:   cc cc cc cc cc 4c 89 44 24 18 89 54 24 10 48 89
0x00007ffa58678bab:   4c 24 08 53 56 57 41 54 41 55 41 56 41 57 48 81
0x00007ffa58678bbb:   ec b0 00 00 00 49 8b f8 44 8b fa 4c 8b f1 49 85
0x00007ffa58678bcb:   c8 0f 84 d0 01 00 00 45 33 ed 41 81 7e 10 ee dd
0x00007ffa58678bdb:   ee dd 0f 84 cd 01 00 00 f6 05 1e 5b 15 00 02 0f
0x00007ffa58678beb:   85 3b 01 00 00 49 8b f5 41 f7 46 74 00 00 00 01
0x00007ffa58678bfb:   0f 85 ab 05 00 00 41 f6 46 78 01 0f 85 0f 04 00
0x00007ffa58678c0b:   00 40 f6 c7 0f 0f 85 28 02 00 00 48 8d 77 f0 0f
0x00007ffa58678c1b:   0d 0e 80 7e 0f 05 0f 84 85 02 00 00 f6 46 0f 3f
0x00007ffa58678c2b:   0f 84 2d 06 00 00 48 85 f6 0f 84 7b 07 00 00 80
0x00007ffa58678c3b:   7f ff 05 0f 84 94 06 00 00 80 7e 0f 00 0f 8d 5e
0x00007ffa58678c4b:   05 00 00 44 8b 05 eb 95 15 00 48 8b ce 48 c1 e9
0x00007ffa58678c5b:   04 33 4e 08 41 33 ce 41 33 c8 66 85 c9 0f 84 bc
0x00007ffa58678c6b:   01 00 00 49 8b fd 48 85 ff 0f 84 8f 01 00 00 0f
0x00007ffa58678c7b:   0d 0f 4c 8b 7f 08 45 8b e5 8b 46 0c c1 e8 08 44
0x00007ffa58678c8b:   0f b7 f0 48 8b 07 48 8b 08 4c 8b 51 18 41 8b c7
0x00007ffa58678c9b:   41 33 47 18 41 33 c2 41 33 c0 8b c8 c1 e8 10 41
0x00007ffa58678cab:   0f af c6 0f b7 c9 49 03 c7 48 03 c8 48 3b ce 0f
0x00007ffa58678cbb:   85 f6 05 00 00 65 48 8b 04 25 60 00 00 00 48 8b
0x00007ffa58678ccb:   88 90 00 00 00 48 85 c9 0f 85 86 01 00 00 b9 80
0x00007ffa58678cdb:   03 fe 7f 80 39 00 0f 85 cc 07 00 00 45 8b c5 b8
0x00007ffa58678ceb:   64 00 00 00 66 83 3c 25 6a 03 fe 7f 01 44 0f 47
0x00007ffa58678cfb:   c0 41 8b d5 90 41 3b d0 77 39 8b 5f 20 8b c3 c1
0x00007ffa58678d0b:   e8 10 66 0f ba e0 0f 72 13 8b cb 81 c9 00 00 00
0x00007ffa58678d1b:   80 8b c3 f0 0f b1 4f 20 3b c3 74 1c ff c2 eb d5
0x00007ffa58678d2b:   45 8b c7 48 8b d7 49 8b ce e8 37 09 00 00 44 8b
0x00007ffa58678d3b:   e8 eb 4d bb ff ff ff ff 8b c3 48 8d 4f 10 c6 46
0x00007ffa58678d4b:   0f 80 83 f8 ff 0f 85 ca 01 00 00 48 8d 56 10 e8
0x00007ffa58678d5b:   41 cb 0e 00 4c 8b b4 24 f0 00 00 00 44 8b bc 24
0x00007ffa58678d6b:   f8 00 00 00 41 bd 01 00 00 00 48 8b bc 24 00 01
0x00007ffa58678d7b:   00 00 8b 05 45 5b 15 00 a8 01 0f 85 31 01 00 00
0x00007ffa58678d8b:   41 8b c5 48 81 c4 b0 00 00 00 41 5f 41 5e 41 5d 


Stack slot to memory mapping:

stack at sp + 0 slots: 0x0 is null
stack at sp + 1 slots: 0x0 is null
stack at sp + 2 slots: 0x00000197238689e0 points into unknown readable memory: 0x00007ff9f037c970 | 70 c9 37 f0 f9 7f 00 00
stack at sp + 3 slots: 0x00007ff9efbb85f9 jvm.dll
stack at sp + 4 slots: 0x00007ff9f061d560 jvm.dll
stack at sp + 5 slots: 0x00007ff9f0004fff jvm.dll
stack at sp + 6 slots: 0x000001977de63100 points into unknown readable memory: 0x0000000100000007 | 07 00 00 00 01 00 00 00
stack at sp + 7 slots: 0x000001977dd2e350 points into unknown readable memory: 0x0000000000000000 | 00 00 00 00 00 00 00 00


---------------  P R O C E S S  ---------------

Threads class SMR info:
_java_thread_list=0x000001970430d810, length=45, elements={
0x00000197214867b0, 0x00000197237619d0, 0x0000019723765430, 0x0000019723768a40,
0x00000197237694a0, 0x0000019723769f00, 0x000001972376a960, 0x000001972376d7b0,
0x000001977caebc70, 0x000001977ccc4d60, 0x000001977cd9e100, 0x000001977d52c6b0,
0x000001977d2fe0b0, 0x000001977d0d7bf0, 0x000001977cdf3e60, 0x000001977db0dae0,
0x000001977d3d7f60, 0x000001977d07bf60, 0x000001977d8c1970, 0x000001977d8be4f0,
0x000001977d8beb80, 0x000001977d8c05c0, 0x000001977d8bf210, 0x000001977d8c0c50,
0x000001970592cb70, 0x000001970592d200, 0x000001970592c4e0, 0x000001970592d890,
0x000001970592aaa0, 0x000001970592a410, 0x000001970592df20, 0x000001970592e5b0,
0x000001970592b7c0, 0x000001970592be50, 0x000001970592b130, 0x0000019705930680,
0x0000019705930d10, 0x000001977e30c670, 0x000001977e30b950, 0x000001977e30d390,
0x000001977e30edd0, 0x000001977e30cd00, 0x000001977e30f460, 0x000001977e30bfe0,
0x0000019704596750
}

Java Threads: ( => current thread )
  0x00000197214867b0 JavaThread "main"                              [_thread_blocked, id=4888, stack(0x0000008d9d000000,0x0000008d9d100000) (1024K)]
  0x00000197237619d0 JavaThread "Reference Handler"          daemon [_thread_blocked, id=21780, stack(0x0000008d9d400000,0x0000008d9d500000) (1024K)]
  0x0000019723765430 JavaThread "Finalizer"                  daemon [_thread_blocked, id=22352, stack(0x0000008d9d500000,0x0000008d9d600000) (1024K)]
  0x0000019723768a40 JavaThread "Signal Dispatcher"          daemon [_thread_blocked, id=25076, stack(0x0000008d9d600000,0x0000008d9d700000) (1024K)]
  0x00000197237694a0 JavaThread "Attach Listener"            daemon [_thread_blocked, id=3260, stack(0x0000008d9d700000,0x0000008d9d800000) (1024K)]
  0x0000019723769f00 JavaThread "Service Thread"             daemon [_thread_blocked, id=26716, stack(0x0000008d9d800000,0x0000008d9d900000) (1024K)]
  0x000001972376a960 JavaThread "Monitor Deflation Thread"   daemon [_thread_blocked, id=14460, stack(0x0000008d9d900000,0x0000008d9da00000) (1024K)]
  0x000001972376d7b0 JavaThread "C2 CompilerThread0"         daemon [_thread_blocked, id=22800, stack(0x0000008d9da00000,0x0000008d9db00000) (1024K)]
  0x000001977caebc70 JavaThread "C1 CompilerThread0"         daemon [_thread_blocked, id=17084, stack(0x0000008d9db00000,0x0000008d9dc00000) (1024K)]
  0x000001977ccc4d60 JavaThread "Common-Cleaner"             daemon [_thread_blocked, id=26588, stack(0x0000008d9dc00000,0x0000008d9dd00000) (1024K)]
  0x000001977cd9e100 JavaThread "Notification Thread"        daemon [_thread_blocked, id=18248, stack(0x0000008d9dd00000,0x0000008d9de00000) (1024K)]
  0x000001977d52c6b0 JavaThread "Active Thread: Equinox Container: d0b25f9a-e230-434a-af3b-26e9dbf77f08"        [_thread_blocked, id=26480, stack(0x0000008d9e400000,0x0000008d9e500000) (1024K)]
  0x000001977d2fe0b0 JavaThread "Refresh Thread: Equinox Container: d0b25f9a-e230-434a-af3b-26e9dbf77f08" daemon [_thread_blocked, id=23436, stack(0x0000008d9e600000,0x0000008d9e700000) (1024K)]
  0x000001977d0d7bf0 JavaThread "Framework Event Dispatcher: Equinox Container: d0b25f9a-e230-434a-af3b-26e9dbf77f08" daemon [_thread_blocked, id=23656, stack(0x0000008d9e700000,0x0000008d9e800000) (1024K)]
  0x000001977cdf3e60 JavaThread "Start Level: Equinox Container: d0b25f9a-e230-434a-af3b-26e9dbf77f08" daemon [_thread_blocked, id=7080, stack(0x0000008d9e800000,0x0000008d9e900000) (1024K)]
  0x000001977db0dae0 JavaThread "Bundle File Closer"         daemon [_thread_blocked, id=26680, stack(0x0000008d9ea00000,0x0000008d9eb00000) (1024K)]
  0x000001977d3d7f60 JavaThread "SCR Component Actor"        daemon [_thread_blocked, id=26900, stack(0x0000008d9ce00000,0x0000008d9cf00000) (1024K)]
  0x000001977d07bf60 JavaThread "Worker-JM"                         [_thread_blocked, id=24676, stack(0x0000008d9e900000,0x0000008d9ea00000) (1024K)]
  0x000001977d8c1970 JavaThread "JNA Cleaner"                daemon [_thread_blocked, id=26768, stack(0x0000008d9eb00000,0x0000008d9ec00000) (1024K)]
  0x000001977d8be4f0 JavaThread "Worker-0"                          [_thread_blocked, id=27092, stack(0x0000008d9ec00000,0x0000008d9ed00000) (1024K)]
  0x000001977d8beb80 JavaThread "Worker-1"                          [_thread_blocked, id=12752, stack(0x0000008d9ed00000,0x0000008d9ee00000) (1024K)]
  0x000001977d8c05c0 JavaThread "Worker-2"                          [_thread_blocked, id=1568, stack(0x0000008d9ef00000,0x0000008d9f000000) (1024K)]
  0x000001977d8bf210 JavaThread "Java indexing"              daemon [_thread_blocked, id=6436, stack(0x0000008d9f100000,0x0000008d9f200000) (1024K)]
  0x000001977d8c0c50 JavaThread "Worker-3"                          [_thread_blocked, id=5952, stack(0x0000008d9f500000,0x0000008d9f600000) (1024K)]
  0x000001970592cb70 JavaThread "Worker-4"                          [_thread_blocked, id=22128, stack(0x0000008d9f600000,0x0000008d9f700000) (1024K)]
  0x000001970592d200 JavaThread "Thread-1"                   daemon [_thread_in_native, id=24484, stack(0x0000008d9f700000,0x0000008d9f800000) (1024K)]
  0x000001970592c4e0 JavaThread "Thread-2"                   daemon [_thread_in_native, id=26256, stack(0x0000008d9f800000,0x0000008d9f900000) (1024K)]
  0x000001970592d890 JavaThread "Thread-3"                   daemon [_thread_in_native, id=24292, stack(0x0000008d9f900000,0x0000008d9fa00000) (1024K)]
  0x000001970592aaa0 JavaThread "Thread-4"                   daemon [_thread_in_native, id=18724, stack(0x0000008d9fa00000,0x0000008d9fb00000) (1024K)]
  0x000001970592a410 JavaThread "Thread-5"                   daemon [_thread_in_native, id=25024, stack(0x0000008d9fb00000,0x0000008d9fc00000) (1024K)]
  0x000001970592df20 JavaThread "Thread-6"                   daemon [_thread_in_native, id=24832, stack(0x0000008d9fc00000,0x0000008d9fd00000) (1024K)]
  0x000001970592e5b0 JavaThread "Thread-7"                   daemon [_thread_in_native, id=19384, stack(0x0000008d9fd00000,0x0000008d9fe00000) (1024K)]
  0x000001970592b7c0 JavaThread "Thread-8"                   daemon [_thread_in_native, id=25200, stack(0x0000008d9fe00000,0x0000008d9ff00000) (1024K)]
  0x000001970592be50 JavaThread "Thread-9"                   daemon [_thread_in_native, id=5468, stack(0x0000008d9ff00000,0x0000008da0000000) (1024K)]
  0x000001970592b130 JavaThread "pool-2-thread-1"                   [_thread_blocked, id=24332, stack(0x0000008da0000000,0x0000008da0100000) (1024K)]
  0x0000019705930680 JavaThread "WorkspaceEventsHandler"            [_thread_blocked, id=20768, stack(0x0000008da0100000,0x0000008da0200000) (1024K)]
  0x0000019705930d10 JavaThread "pool-1-thread-1"                   [_thread_blocked, id=2560, stack(0x0000008da0200000,0x0000008da0300000) (1024K)]
  0x000001977e30c670 JavaThread "ForkJoinPool.commonPool-worker-1" daemon [_thread_blocked, id=18684, stack(0x0000008d9f000000,0x0000008d9f100000) (1024K)]
  0x000001977e30b950 JavaThread "ForkJoinPool.commonPool-worker-2" daemon [_thread_blocked, id=3944, stack(0x0000008da0400000,0x0000008da0500000) (1024K)]
  0x000001977e30d390 JavaThread "ForkJoinPool.commonPool-worker-3" daemon [_thread_blocked, id=26632, stack(0x0000008da0500000,0x0000008da0600000) (1024K)]
  0x000001977e30edd0 JavaThread "ForkJoinPool.commonPool-worker-4" daemon [_thread_blocked, id=27404, stack(0x0000008da0600000,0x0000008da0700000) (1024K)]
  0x000001977e30cd00 JavaThread "ForkJoinPool.commonPool-worker-5" daemon [_thread_blocked, id=7616, stack(0x0000008da0700000,0x0000008da0800000) (1024K)]
  0x000001977e30f460 JavaThread "ForkJoinPool.commonPool-worker-7" daemon [_thread_blocked, id=20960, stack(0x0000008da0800000,0x0000008da0900000) (1024K)]
  0x000001977e30bfe0 JavaThread "ForkJoinPool.commonPool-worker-6" daemon [_thread_blocked, id=25776, stack(0x0000008da0900000,0x0000008da0a00000) (1024K)]
=>0x0000019704596750 JavaThread "C2 CompilerThread1"         daemon [_thread_in_vm, id=26752, stack(0x0000008d9ee00000,0x0000008d9ef00000) (1024K)]
Total: 45

Other Threads:
  0x0000019723742a50 VMThread "VM Thread"                           [id=26316, stack(0x0000008d9d300000,0x0000008d9d400000) (1024K)]
  0x0000019723858e80 WatcherThread "VM Periodic Task Thread"        [id=20928, stack(0x0000008d9d200000,0x0000008d9d300000) (1024K)]
  0x0000019723808b00 WorkerThread "GC Thread#0"                     [id=10956, stack(0x0000008d9d100000,0x0000008d9d200000) (1024K)]
  0x000001977d51a620 WorkerThread "GC Thread#1"                     [id=27364, stack(0x0000008d9de00000,0x0000008d9df00000) (1024K)]
  0x000001977d51b130 WorkerThread "GC Thread#2"                     [id=24792, stack(0x0000008d9df00000,0x0000008d9e000000) (1024K)]
  0x000001977d51a9d0 WorkerThread "GC Thread#3"                     [id=26060, stack(0x0000008d9e000000,0x0000008d9e100000) (1024K)]
  0x000001977d51a270 WorkerThread "GC Thread#4"                     [id=15608, stack(0x0000008d9e100000,0x0000008d9e200000) (1024K)]
  0x000001977d51bc40 WorkerThread "GC Thread#5"                     [id=26596, stack(0x0000008d9e200000,0x0000008d9e300000) (1024K)]
  0x000001977d51ad80 WorkerThread "GC Thread#6"                     [id=23672, stack(0x0000008d9e300000,0x0000008d9e400000) (1024K)]
  0x000001977d51b890 WorkerThread "GC Thread#7"                     [id=20528, stack(0x0000008d9e500000,0x0000008d9e600000) (1024K)]
Total: 10

Threads with active compile tasks:
Total: 0

VM state: not at safepoint (normal execution)

VM Mutex/Monitor currently owned by a thread: None

Heap address: 0x0000000080000000, size: 2048 MB, Compressed Oops mode: 32-bit

CDS archive(s) mapped at: [0x000001973b000000-0x000001973bba0000-0x000001973bba0000), size 12189696, SharedBaseAddress: 0x000001973b000000, ArchiveRelocationMode: 1.
Compressed class space mapped at: 0x000001973c000000-0x000001977c000000, reserved size: 1073741824
Narrow klass base: 0x000001973b000000, Narrow klass shift: 0, Narrow klass range: 0x100000000

GC Precious Log:
 CardTable entry size: 512
 CPUs: 8 total, 8 available
 Memory: 16259M
 Large Page Support: Disabled
 NUMA Support: Disabled
 Compressed Oops: Enabled (32-bit)
 Alignments: Space 512K, Generation 512K, Heap 2M
 Heap Min Capacity: 100M
 Heap Initial Capacity: 100M
 Heap Max Capacity: 2G
 Pre-touch: Disabled
 Parallel Workers: 8

Heap:
 PSYoungGen      total 22528K, used 8523K [0x00000000d5580000, 0x00000000d6f00000, 0x0000000100000000)
  eden space 22016K, 36% used [0x00000000d5580000,0x00000000d5d62c58,0x00000000d6b00000)
  from space 512K, 87% used [0x00000000d6e80000,0x00000000d6ef0000,0x00000000d6f00000)
  to   space 1024K, 0% used [0x00000000d6d00000,0x00000000d6d00000,0x00000000d6e00000)
 ParOldGen       total 68608K, used 68245K [0x0000000080000000, 0x0000000084300000, 0x00000000d5580000)
  object space 68608K, 99% used [0x0000000080000000,0x00000000842a56b0,0x0000000084300000)
 Metaspace       used 56664K, committed 57984K, reserved 1114112K
  class space    used 6051K, committed 6592K, reserved 1048576K

Card table byte_map: [0x0000019723190000,0x00000197235a0000] _byte_map_base: 0x0000019722d90000

Marking Bits: (ParMarkBitMap*) 0x00007ff9f0623450
 Begin Bits: [0x0000019735ca0000, 0x0000019737ca0000)
 End Bits:   [0x0000019737ca0000, 0x0000019739ca0000)

Polling page: 0x0000019721590000

Metaspace:

Usage:
  Non-class:     49.43 MB used.
      Class:      5.91 MB used.
       Both:     55.34 MB used.

Virtual space:
  Non-class space:       64.00 MB reserved,      50.19 MB ( 78%) committed,  1 nodes.
      Class space:        1.00 GB reserved,       6.44 MB ( <1%) committed,  1 nodes.
             Both:        1.06 GB reserved,      56.62 MB (  5%) committed. 

Chunk freelists:
   Non-Class:  13.72 MB
       Class:  9.50 MB
        Both:  23.22 MB

MaxMetaspaceSize: unlimited
CompressedClassSpaceSize: 1.00 GB
Initial GC threshold: 21.00 MB
Current GC threshold: 58.38 MB
CDS: on
 - commit_granule_bytes: 65536.
 - commit_granule_words: 8192.
 - virtual_space_node_default_size: 8388608.
 - enlarge_chunks_in_place: 1.
 - use_allocation_guard: 0.


Internal statistics:

num_allocs_failed_limit: 8.
num_arena_births: 1092.
num_arena_deaths: 14.
num_vsnodes_births: 2.
num_vsnodes_deaths: 0.
num_space_committed: 906.
num_space_uncommitted: 0.
num_chunks_returned_to_freelist: 22.
num_chunks_taken_from_freelist: 3837.
num_chunk_merges: 11.
num_chunk_splits: 2302.
num_chunks_enlarged: 1196.
num_inconsistent_stats: 0.

CodeHeap 'non-profiled nmethods': size=120000Kb used=7235Kb max_used=7235Kb free=112764Kb
 bounds [0x000001972e4c0000, 0x000001972ebe0000, 0x00000197359f0000]
CodeHeap 'profiled nmethods': size=120000Kb used=22355Kb max_used=22355Kb free=97644Kb
 bounds [0x00000197269f0000, 0x0000019727fd0000, 0x000001972df20000]
CodeHeap 'non-nmethods': size=5760Kb used=1400Kb max_used=1484Kb free=4360Kb
 bounds [0x000001972df20000, 0x000001972e190000, 0x000001972e4c0000]
CodeCache: size=245760Kb, used=30990Kb, max_used=31074Kb, free=214768Kb
 total_blobs=10677, nmethods=9969, adapters=614, full_count=0
Compilation: enabled, stopped_count=0, restarted_count=0

Compilation events (20 events):
Event: 104.370 Thread 0x0000019704596080 10589       4       jdk.internal.module.SystemModuleFinders$SystemModuleReader::find (59 bytes)
Event: 104.540 Thread 0x0000019704596080 nmethod 10589 0x000001972ebb0910 code [0x000001972ebb0ba0, 0x000001972ebb1e80]
Event: 104.541 Thread 0x0000019704596080 10592       4       java.lang.invoke.DirectMethodHandle::constructorMethod (10 bytes)
Event: 104.544 Thread 0x000001972376d7b0 nmethod 10535 0x000001972ebb2e10 code [0x000001972ebb3580, 0x000001972ebb86c8]
Event: 104.544 Thread 0x0000019704596080 nmethod 10592 0x000001972ebbc590 code [0x000001972ebbc720, 0x000001972ebbc7c8]
Event: 104.545 Thread 0x0000019704596080 10568       4       java.nio.file.Files::provider (10 bytes)
Event: 104.546 Thread 0x000001977caebc70 10594       3       org.eclipse.jface.text.DefaultLineTracker::nextDelimiterInfo (167 bytes)
Event: 104.552 Thread 0x000001972376d7b0 10576       4       org.eclipse.core.runtime.Path::<init> (9 bytes)
Event: 104.553 Thread 0x000001977caebc70 nmethod 10594 0x0000019727fc3790 code [0x0000019727fc3a40, 0x0000019727fc47f0]
Event: 104.553 Thread 0x0000019704596080 nmethod 10568 0x000001972ebbc890 code [0x000001972ebbca20, 0x000001972ebbcb08]
Event: 104.553 Thread 0x0000019704596080 10536       4       org.eclipse.jdt.internal.core.PackageFragmentRoot::getPath (5 bytes)
Event: 104.556 Thread 0x000001972376d7b0 nmethod 10576 0x000001972ebbcc10 code [0x000001972ebbcda0, 0x000001972ebbce58]
Event: 104.556 Thread 0x0000019704596080 nmethod 10536 0x000001972ebbcf10 code [0x000001972ebbd0a0, 0x000001972ebbd150]
Event: 104.569 Thread 0x0000019704596080 10595       4       jdk.internal.org.objectweb.asm.MethodWriter::visitInsn (115 bytes)
Event: 104.574 Thread 0x000001972376d7b0 10596       4       java.util.concurrent.locks.ReentrantReadWriteLock$NonfairSync::readerShouldBlock (5 bytes)
Event: 104.576 Thread 0x000001972376d7b0 nmethod 10596 0x000001972ebbd210 code [0x000001972ebbd3a0, 0x000001972ebbd448]
Event: 104.576 Thread 0x000001972376d7b0 10597       4       java.util.concurrent.locks.AbstractQueuedSynchronizer::apparentlyFirstQueuedIsExclusive (38 bytes)
Event: 104.578 Thread 0x000001972376d7b0 nmethod 10597 0x000001972ebbd510 code [0x000001972ebbd6a0, 0x000001972ebbd748]
Event: 104.615 Thread 0x0000019704596080 nmethod 10595 0x000001972ebbd810 code [0x000001972ebbd9e0, 0x000001972ebbde58]
Event: 106.235 Thread 0x0000019704596750 nmethod 10582 0x000001972ebbe190 code [0x000001972ebbef40, 0x000001972ebc9368]

GC Heap History (20 events):
Event: 102.011 GC heap before
{Heap before GC invocations=43 (full 2):
 PSYoungGen      total 22528K, used 22445K [0x00000000d5580000, 0x00000000d7000000, 0x0000000100000000)
  eden space 22016K, 100% used [0x00000000d5580000,0x00000000d6b00000,0x00000000d6b00000)
  from space 512K, 83% used [0x00000000d6f80000,0x00000000d6feb4e0,0x00000000d7000000)
  to   space 512K, 0% used [0x00000000d6f00000,0x00000000d6f00000,0x00000000d6f80000)
 ParOldGen       total 68608K, used 66921K [0x0000000080000000, 0x0000000084300000, 0x00000000d5580000)
  object space 68608K, 97% used [0x0000000080000000,0x000000008415a4b0,0x0000000084300000)
 Metaspace       used 55838K, committed 57152K, reserved 1114112K
  class space    used 5959K, committed 6528K, reserved 1048576K
}
Event: 102.014 GC heap after
{Heap after GC invocations=43 (full 2):
 PSYoungGen      total 22528K, used 352K [0x00000000d5580000, 0x00000000d7000000, 0x0000000100000000)
  eden space 22016K, 0% used [0x00000000d5580000,0x00000000d5580000,0x00000000d6b00000)
  from space 512K, 68% used [0x00000000d6f00000,0x00000000d6f58000,0x00000000d6f80000)
  to   space 512K, 0% used [0x00000000d6f80000,0x00000000d6f80000,0x00000000d7000000)
 ParOldGen       total 68608K, used 66993K [0x0000000080000000, 0x0000000084300000, 0x00000000d5580000)
  object space 68608K, 97% used [0x0000000080000000,0x000000008416c4b0,0x0000000084300000)
 Metaspace       used 55838K, committed 57152K, reserved 1114112K
  class space    used 5959K, committed 6528K, reserved 1048576K
}
Event: 102.225 GC heap before
{Heap before GC invocations=44 (full 2):
 PSYoungGen      total 22528K, used 22368K [0x00000000d5580000, 0x00000000d7000000, 0x0000000100000000)
  eden space 22016K, 100% used [0x00000000d5580000,0x00000000d6b00000,0x00000000d6b00000)
  from space 512K, 68% used [0x00000000d6f00000,0x00000000d6f58000,0x00000000d6f80000)
  to   space 512K, 0% used [0x00000000d6f80000,0x00000000d6f80000,0x00000000d7000000)
 ParOldGen       total 68608K, used 66993K [0x0000000080000000, 0x0000000084300000, 0x00000000d5580000)
  object space 68608K, 97% used [0x0000000080000000,0x000000008416c4b0,0x0000000084300000)
 Metaspace       used 55855K, committed 57152K, reserved 1114112K
  class space    used 5960K, committed 6528K, reserved 1048576K
}
Event: 102.227 GC heap after
{Heap after GC invocations=44 (full 2):
 PSYoungGen      total 22528K, used 451K [0x00000000d5580000, 0x00000000d7000000, 0x0000000100000000)
  eden space 22016K, 0% used [0x00000000d5580000,0x00000000d5580000,0x00000000d6b00000)
  from space 512K, 88% used [0x00000000d6f80000,0x00000000d6ff0c00,0x00000000d7000000)
  to   space 512K, 0% used [0x00000000d6f00000,0x00000000d6f00000,0x00000000d6f80000)
 ParOldGen       total 68608K, used 67057K [0x0000000080000000, 0x0000000084300000, 0x00000000d5580000)
  object space 68608K, 97% used [0x0000000080000000,0x000000008417c4b0,0x0000000084300000)
 Metaspace       used 55855K, committed 57152K, reserved 1114112K
  class space    used 5960K, committed 6528K, reserved 1048576K
}
Event: 102.560 GC heap before
{Heap before GC invocations=45 (full 2):
 PSYoungGen      total 22528K, used 22467K [0x00000000d5580000, 0x00000000d7000000, 0x0000000100000000)
  eden space 22016K, 100% used [0x00000000d5580000,0x00000000d6b00000,0x00000000d6b00000)
  from space 512K, 88% used [0x00000000d6f80000,0x00000000d6ff0c00,0x00000000d7000000)
  to   space 512K, 0% used [0x00000000d6f00000,0x00000000d6f00000,0x00000000d6f80000)
 ParOldGen       total 68608K, used 67057K [0x0000000080000000, 0x0000000084300000, 0x00000000d5580000)
  object space 68608K, 97% used [0x0000000080000000,0x000000008417c4b0,0x0000000084300000)
 Metaspace       used 55991K, committed 57344K, reserved 1114112K
  class space    used 5969K, committed 6528K, reserved 1048576K
}
Event: 102.565 GC heap after
{Heap after GC invocations=45 (full 2):
 PSYoungGen      total 22528K, used 438K [0x00000000d5580000, 0x00000000d7000000, 0x0000000100000000)
  eden space 22016K, 0% used [0x00000000d5580000,0x00000000d5580000,0x00000000d6b00000)
  from space 512K, 85% used [0x00000000d6f00000,0x00000000d6f6d960,0x00000000d6f80000)
  to   space 512K, 0% used [0x00000000d6f80000,0x00000000d6f80000,0x00000000d7000000)
 ParOldGen       total 68608K, used 67129K [0x0000000080000000, 0x0000000084300000, 0x00000000d5580000)
  object space 68608K, 97% used [0x0000000080000000,0x000000008418e4b0,0x0000000084300000)
 Metaspace       used 55991K, committed 57344K, reserved 1114112K
  class space    used 5969K, committed 6528K, reserved 1048576K
}
Event: 102.840 GC heap before
{Heap before GC invocations=46 (full 2):
 PSYoungGen      total 22528K, used 22454K [0x00000000d5580000, 0x00000000d7000000, 0x0000000100000000)
  eden space 22016K, 100% used [0x00000000d5580000,0x00000000d6b00000,0x00000000d6b00000)
  from space 512K, 85% used [0x00000000d6f00000,0x00000000d6f6d960,0x00000000d6f80000)
  to   space 512K, 0% used [0x00000000d6f80000,0x00000000d6f80000,0x00000000d7000000)
 ParOldGen       total 68608K, used 67129K [0x0000000080000000, 0x0000000084300000, 0x00000000d5580000)
  object space 68608K, 97% used [0x0000000080000000,0x000000008418e4b0,0x0000000084300000)
 Metaspace       used 56043K, committed 57408K, reserved 1114112K
  class space    used 5973K, committed 6528K, reserved 1048576K
}
Event: 102.842 GC heap after
{Heap after GC invocations=46 (full 2):
 PSYoungGen      total 22528K, used 509K [0x00000000d5580000, 0x00000000d7000000, 0x0000000100000000)
  eden space 22016K, 0% used [0x00000000d5580000,0x00000000d5580000,0x00000000d6b00000)
  from space 512K, 99% used [0x00000000d6f80000,0x00000000d6fff638,0x00000000d7000000)
  to   space 1024K, 0% used [0x00000000d6e00000,0x00000000d6e00000,0x00000000d6f00000)
 ParOldGen       total 68608K, used 67273K [0x0000000080000000, 0x0000000084300000, 0x00000000d5580000)
  object space 68608K, 98% used [0x0000000080000000,0x00000000841b24b0,0x0000000084300000)
 Metaspace       used 56043K, committed 57408K, reserved 1114112K
  class space    used 5973K, committed 6528K, reserved 1048576K
}
Event: 103.063 GC heap before
{Heap before GC invocations=47 (full 2):
 PSYoungGen      total 22528K, used 22525K [0x00000000d5580000, 0x00000000d7000000, 0x0000000100000000)
  eden space 22016K, 100% used [0x00000000d5580000,0x00000000d6b00000,0x00000000d6b00000)
  from space 512K, 99% used [0x00000000d6f80000,0x00000000d6fff638,0x00000000d7000000)
  to   space 1024K, 0% used [0x00000000d6e00000,0x00000000d6e00000,0x00000000d6f00000)
 ParOldGen       total 68608K, used 67273K [0x0000000080000000, 0x0000000084300000, 0x00000000d5580000)
  object space 68608K, 98% used [0x0000000080000000,0x00000000841b24b0,0x0000000084300000)
 Metaspace       used 56043K, committed 57408K, reserved 1114112K
  class space    used 5973K, committed 6528K, reserved 1048576K
}
Event: 103.064 GC heap after
{Heap after GC invocations=47 (full 2):
 PSYoungGen      total 23040K, used 389K [0x00000000d5580000, 0x00000000d7000000, 0x0000000100000000)
  eden space 22016K, 0% used [0x00000000d5580000,0x00000000d5580000,0x00000000d6b00000)
  from space 1024K, 38% used [0x00000000d6e00000,0x00000000d6e61770,0x00000000d6f00000)
  to   space 512K, 0% used [0x00000000d6f80000,0x00000000d6f80000,0x00000000d7000000)
 ParOldGen       total 68608K, used 67353K [0x0000000080000000, 0x0000000084300000, 0x00000000d5580000)
  object space 68608K, 98% used [0x0000000080000000,0x00000000841c64b0,0x0000000084300000)
 Metaspace       used 56043K, committed 57408K, reserved 1114112K
  class space    used 5973K, committed 6528K, reserved 1048576K
}
Event: 103.243 GC heap before
{Heap before GC invocations=48 (full 2):
 PSYoungGen      total 23040K, used 22405K [0x00000000d5580000, 0x00000000d7000000, 0x0000000100000000)
  eden space 22016K, 100% used [0x00000000d5580000,0x00000000d6b00000,0x00000000d6b00000)
  from space 1024K, 38% used [0x00000000d6e00000,0x00000000d6e61770,0x00000000d6f00000)
  to   space 512K, 0% used [0x00000000d6f80000,0x00000000d6f80000,0x00000000d7000000)
 ParOldGen       total 68608K, used 67353K [0x0000000080000000, 0x0000000084300000, 0x00000000d5580000)
  object space 68608K, 98% used [0x0000000080000000,0x00000000841c64b0,0x0000000084300000)
 Metaspace       used 56055K, committed 57408K, reserved 1114112K
  class space    used 5973K, committed 6528K, reserved 1048576K
}
Event: 103.244 GC heap after
{Heap after GC invocations=48 (full 2):
 PSYoungGen      total 22528K, used 490K [0x00000000d5580000, 0x00000000d7000000, 0x0000000100000000)
  eden space 22016K, 0% used [0x00000000d5580000,0x00000000d5580000,0x00000000d6b00000)
  from space 512K, 95% used [0x00000000d6f80000,0x00000000d6ffa898,0x00000000d7000000)
  to   space 1024K, 0% used [0x00000000d6e00000,0x00000000d6e00000,0x00000000d6f00000)
 ParOldGen       total 68608K, used 67441K [0x0000000080000000, 0x0000000084300000, 0x00000000d5580000)
  object space 68608K, 98% used [0x0000000080000000,0x00000000841dc4b0,0x0000000084300000)
 Metaspace       used 56055K, committed 57408K, reserved 1114112K
  class space    used 5973K, committed 6528K, reserved 1048576K
}
Event: 103.375 GC heap before
{Heap before GC invocations=49 (full 2):
 PSYoungGen      total 22528K, used 22506K [0x00000000d5580000, 0x00000000d7000000, 0x0000000100000000)
  eden space 22016K, 100% used [0x00000000d5580000,0x00000000d6b00000,0x00000000d6b00000)
  from space 512K, 95% used [0x00000000d6f80000,0x00000000d6ffa898,0x00000000d7000000)
  to   space 1024K, 0% used [0x00000000d6e00000,0x00000000d6e00000,0x00000000d6f00000)
 ParOldGen       total 68608K, used 67441K [0x0000000080000000, 0x0000000084300000, 0x00000000d5580000)
  object space 68608K, 98% used [0x0000000080000000,0x00000000841dc4b0,0x0000000084300000)
 Metaspace       used 56060K, committed 57408K, reserved 1114112K
  class space    used 5975K, committed 6528K, reserved 1048576K
}
Event: 103.377 GC heap after
{Heap after GC invocations=49 (full 2):
 PSYoungGen      total 23040K, used 784K [0x00000000d5580000, 0x00000000d7000000, 0x0000000100000000)
  eden space 22016K, 0% used [0x00000000d5580000,0x00000000d5580000,0x00000000d6b00000)
  from space 1024K, 76% used [0x00000000d6e00000,0x00000000d6ec41d0,0x00000000d6f00000)
  to   space 1024K, 0% used [0x00000000d6f00000,0x00000000d6f00000,0x00000000d7000000)
 ParOldGen       total 68608K, used 67513K [0x0000000080000000, 0x0000000084300000, 0x00000000d5580000)
  object space 68608K, 98% used [0x0000000080000000,0x00000000841ee4b0,0x0000000084300000)
 Metaspace       used 56060K, committed 57408K, reserved 1114112K
  class space    used 5975K, committed 6528K, reserved 1048576K
}
Event: 103.532 GC heap before
{Heap before GC invocations=50 (full 2):
 PSYoungGen      total 23040K, used 22769K [0x00000000d5580000, 0x00000000d7000000, 0x0000000100000000)
  eden space 22016K, 99% used [0x00000000d5580000,0x00000000d6af84d8,0x00000000d6b00000)
  from space 1024K, 76% used [0x00000000d6e00000,0x00000000d6ec41d0,0x00000000d6f00000)
  to   space 1024K, 0% used [0x00000000d6f00000,0x00000000d6f00000,0x00000000d7000000)
 ParOldGen       total 68608K, used 67513K [0x0000000080000000, 0x0000000084300000, 0x00000000d5580000)
  object space 68608K, 98% used [0x0000000080000000,0x00000000841ee4b0,0x0000000084300000)
 Metaspace       used 56154K, committed 57472K, reserved 1114112K
  class space    used 5987K, committed 6528K, reserved 1048576K
}
Event: 103.533 GC heap after
{Heap after GC invocations=50 (full 2):
 PSYoungGen      total 23040K, used 1001K [0x00000000d5580000, 0x00000000d7000000, 0x0000000100000000)
  eden space 22016K, 0% used [0x00000000d5580000,0x00000000d5580000,0x00000000d6b00000)
  from space 1024K, 97% used [0x00000000d6f00000,0x00000000d6ffa778,0x00000000d7000000)
  to   space 1536K, 0% used [0x00000000d6d00000,0x00000000d6d00000,0x00000000d6e80000)
 ParOldGen       total 68608K, used 67725K [0x0000000080000000, 0x0000000084300000, 0x00000000d5580000)
  object space 68608K, 98% used [0x0000000080000000,0x00000000842236b0,0x0000000084300000)
 Metaspace       used 56154K, committed 57472K, reserved 1114112K
  class space    used 5987K, committed 6528K, reserved 1048576K
}
Event: 103.724 GC heap before
{Heap before GC invocations=51 (full 2):
 PSYoungGen      total 23040K, used 23017K [0x00000000d5580000, 0x00000000d7000000, 0x0000000100000000)
  eden space 22016K, 100% used [0x00000000d5580000,0x00000000d6b00000,0x00000000d6b00000)
  from space 1024K, 97% used [0x00000000d6f00000,0x00000000d6ffa778,0x00000000d7000000)
  to   space 1536K, 0% used [0x00000000d6d00000,0x00000000d6d00000,0x00000000d6e80000)
 ParOldGen       total 68608K, used 67725K [0x0000000080000000, 0x0000000084300000, 0x00000000d5580000)
  object space 68608K, 98% used [0x0000000080000000,0x00000000842236b0,0x0000000084300000)
 Metaspace       used 56159K, committed 57472K, reserved 1114112K
  class space    used 5987K, committed 6528K, reserved 1048576K
}
Event: 103.726 GC heap after
{Heap after GC invocations=51 (full 2):
 PSYoungGen      total 23552K, used 544K [0x00000000d5580000, 0x00000000d6f80000, 0x0000000100000000)
  eden space 22016K, 0% used [0x00000000d5580000,0x00000000d5580000,0x00000000d6b00000)
  from space 1536K, 35% used [0x00000000d6d00000,0x00000000d6d88000,0x00000000d6e80000)
  to   space 1024K, 0% used [0x00000000d6e80000,0x00000000d6e80000,0x00000000d6f80000)
 ParOldGen       total 68608K, used 67813K [0x0000000080000000, 0x0000000084300000, 0x00000000d5580000)
  object space 68608K, 98% used [0x0000000080000000,0x00000000842396b0,0x0000000084300000)
 Metaspace       used 56159K, committed 57472K, reserved 1114112K
  class space    used 5987K, committed 6528K, reserved 1048576K
}
Event: 103.919 GC heap before
{Heap before GC invocations=52 (full 2):
 PSYoungGen      total 23552K, used 22560K [0x00000000d5580000, 0x00000000d6f80000, 0x0000000100000000)
  eden space 22016K, 100% used [0x00000000d5580000,0x00000000d6b00000,0x00000000d6b00000)
  from space 1536K, 35% used [0x00000000d6d00000,0x00000000d6d88000,0x00000000d6e80000)
  to   space 1024K, 0% used [0x00000000d6e80000,0x00000000d6e80000,0x00000000d6f80000)
 ParOldGen       total 68608K, used 67813K [0x0000000080000000, 0x0000000084300000, 0x00000000d5580000)
  object space 68608K, 98% used [0x0000000080000000,0x00000000842396b0,0x0000000084300000)
 Metaspace       used 56187K, committed 57472K, reserved 1114112K
  class space    used 5987K, committed 6528K, reserved 1048576K
}
Event: 103.924 GC heap after
{Heap after GC invocations=52 (full 2):
 PSYoungGen      total 22528K, used 448K [0x00000000d5580000, 0x00000000d6f00000, 0x0000000100000000)
  eden space 22016K, 0% used [0x00000000d5580000,0x00000000d5580000,0x00000000d6b00000)
  from space 512K, 87% used [0x00000000d6e80000,0x00000000d6ef0000,0x00000000d6f00000)
  to   space 1024K, 0% used [0x00000000d6d00000,0x00000000d6d00000,0x00000000d6e00000)
 ParOldGen       total 68608K, used 68245K [0x0000000080000000, 0x0000000084300000, 0x00000000d5580000)
  object space 68608K, 99% used [0x0000000080000000,0x00000000842a56b0,0x0000000084300000)
 Metaspace       used 56187K, committed 57472K, reserved 1114112K
  class space    used 5987K, committed 6528K, reserved 1048576K
}

Dll operation events (10 events):
Event: 0.080 Loaded shared library c:\Users\Expertflow\.antigravity\extensions\redhat.java-1.54.0-win32-x64\jre\21.0.10-win32-x86_64\bin\java.dll
Event: 0.642 Loaded shared library c:\Users\Expertflow\.antigravity\extensions\redhat.java-1.54.0-win32-x64\jre\21.0.10-win32-x86_64\bin\zip.dll
Event: 0.711 Loaded shared library C:\Users\Expertflow\.antigravity\extensions\redhat.java-1.54.0-win32-x64\jre\21.0.10-win32-x86_64\bin\instrument.dll
Event: 0.727 Loaded shared library C:\Users\Expertflow\.antigravity\extensions\redhat.java-1.54.0-win32-x64\jre\21.0.10-win32-x86_64\bin\net.dll
Event: 0.734 Loaded shared library C:\Users\Expertflow\.antigravity\extensions\redhat.java-1.54.0-win32-x64\jre\21.0.10-win32-x86_64\bin\nio.dll
Event: 0.778 Loaded shared library C:\Users\Expertflow\.antigravity\extensions\redhat.java-1.54.0-win32-x64\jre\21.0.10-win32-x86_64\bin\zip.dll
Event: 0.941 Loaded shared library C:\Users\Expertflow\.antigravity\extensions\redhat.java-1.54.0-win32-x64\jre\21.0.10-win32-x86_64\bin\jimage.dll
Event: 1.846 Loaded shared library c:\Users\Expertflow\.antigravity\extensions\redhat.java-1.54.0-win32-x64\jre\21.0.10-win32-x86_64\bin\verify.dll
Event: 31.960 Loaded shared library C:\Users\Expertflow\AppData\Roaming\Antigravity\User\globalStorage\redhat.java\1.54.0\config_win\org.eclipse.equinox.launcher\org.eclipse.equinox.launcher.win32.win32.x86_64_1.3.0.v20260203-2149\eclipse_11919.dll
Event: 64.739 Loaded shared library C:\Users\Expertflow\AppData\Local\Temp\jna-1918084728\jna15864606032100059949.dll

Deoptimization events (20 events):
Event: 103.537 Thread 0x000001977d8beb80 Uncommon trap: trap_request=0xffffff45 fr.pc=0x000001972eb64ef8 relative=0x00000000000001b8
Event: 103.537 Thread 0x000001977d8beb80 Uncommon trap: reason=unstable_if action=reinterpret pc=0x000001972eb64ef8 method=org.eclipse.jdt.internal.core.util.WeakHashSet.cleanupGarbageCollectedValues()V @ 68 c2
Event: 103.537 Thread 0x000001977d8beb80 DEOPT PACKING pc=0x000001972eb64ef8 sp=0x0000008d9edfeae0
Event: 103.537 Thread 0x000001977d8beb80 DEOPT UNPACKING pc=0x000001972df73aa2 sp=0x0000008d9edfe9e0 mode 2
Event: 104.317 Thread 0x000001977d8beb80 Uncommon trap: trap_request=0xffffff76 fr.pc=0x000001972eb5b9f0 relative=0x00000000000005f0
Event: 104.317 Thread 0x000001977d8beb80 Uncommon trap: reason=predicate action=maybe_recompile pc=0x000001972eb5b9f0 method=java.util.TimSort.reverseRange([Ljava/lang/Object;II)V @ 5 c2
Event: 104.317 Thread 0x000001977d8beb80 DEOPT PACKING pc=0x000001972eb5b9f0 sp=0x0000008d9edfeb00
Event: 104.317 Thread 0x000001977d8beb80 DEOPT UNPACKING pc=0x000001972df73aa2 sp=0x0000008d9edfea28 mode 2
Event: 104.317 Thread 0x000001977d8beb80 Uncommon trap: trap_request=0xffffff76 fr.pc=0x000001972e7abf58 relative=0x0000000000000498
Event: 104.317 Thread 0x000001977d8beb80 Uncommon trap: reason=predicate action=maybe_recompile pc=0x000001972e7abf58 method=java.util.TimSort.binarySort([Ljava/lang/Object;IIILjava/util/Comparator;)V @ 34 c2
Event: 104.317 Thread 0x000001977d8beb80 DEOPT PACKING pc=0x000001972e7abf58 sp=0x0000008d9edfeae0
Event: 104.317 Thread 0x000001977d8beb80 DEOPT UNPACKING pc=0x000001972df73aa2 sp=0x0000008d9edfea80 mode 2
Event: 104.317 Thread 0x000001977d8beb80 Uncommon trap: trap_request=0xffffffde fr.pc=0x000001972e5f5fcc relative=0x00000000000001ac
Event: 104.317 Thread 0x000001977d8beb80 Uncommon trap: reason=class_check action=maybe_recompile pc=0x000001972e5f5fcc method=java.util.Collections.eq(Ljava/lang/Object;Ljava/lang/Object;)Z @ 18 c2
Event: 104.317 Thread 0x000001977d8beb80 DEOPT PACKING pc=0x000001972e5f5fcc sp=0x0000008d9edfec80
Event: 104.317 Thread 0x000001977d8beb80 DEOPT UNPACKING pc=0x000001972df73aa2 sp=0x0000008d9edfebc0 mode 2
Event: 104.318 Thread 0x000001977d8beb80 Uncommon trap: trap_request=0xffffffde fr.pc=0x000001972e5f5fcc relative=0x00000000000001ac
Event: 104.318 Thread 0x000001977d8beb80 Uncommon trap: reason=class_check action=maybe_recompile pc=0x000001972e5f5fcc method=java.util.Collections.eq(Ljava/lang/Object;Ljava/lang/Object;)Z @ 18 c2
Event: 104.318 Thread 0x000001977d8beb80 DEOPT PACKING pc=0x000001972e5f5fcc sp=0x0000008d9edfede0
Event: 104.318 Thread 0x000001977d8beb80 DEOPT UNPACKING pc=0x000001972df73aa2 sp=0x0000008d9edfed20 mode 2

Classes loaded (20 events):
Event: 86.118 Loading class java/nio/channels/NonWritableChannelException
Event: 86.118 Loading class java/nio/channels/NonWritableChannelException done
Event: 86.224 Loading class java/util/concurrent/ForkJoinTask$AdaptedCallable
Event: 86.224 Loading class java/util/concurrent/ForkJoinTask$AdaptedCallable done
Event: 93.788 Loading class sun/nio/cs/ISO_8859_1$Decoder
Event: 93.788 Loading class sun/nio/cs/ISO_8859_1$Decoder done
Event: 99.404 Loading class java/util/Collections$2
Event: 99.404 Loading class java/util/Collections$2 done
Event: 100.166 Loading class java/lang/invoke/MethodHandleImpl$CountingWrapper$1
Event: 100.167 Loading class java/lang/invoke/MethodHandleImpl$CountingWrapper$1 done
Event: 102.398 Loading class java/util/AbstractList$RandomAccessSubList
Event: 102.399 Loading class java/util/AbstractList$SubList
Event: 102.400 Loading class java/util/AbstractList$SubList done
Event: 102.400 Loading class java/util/AbstractList$RandomAccessSubList done
Event: 102.400 Loading class java/util/AbstractList$SubList$1
Event: 102.401 Loading class java/util/AbstractList$SubList$1 done
Event: 104.242 Loading class java/nio/charset/CharacterCodingException
Event: 104.242 Loading class java/nio/charset/CharacterCodingException done
Event: 104.243 Loading class java/io/SequenceInputStream
Event: 104.244 Loading class java/io/SequenceInputStream done

Classes unloaded (7 events):
Event: 67.649 Thread 0x0000019723742a50 Unloading class 0x000001973c1a9400 'java/lang/invoke/LambdaForm$MH+0x000001973c1a9400'
Event: 67.649 Thread 0x0000019723742a50 Unloading class 0x000001973c1a9000 'java/lang/invoke/LambdaForm$MH+0x000001973c1a9000'
Event: 67.649 Thread 0x0000019723742a50 Unloading class 0x000001973c1a8c00 'java/lang/invoke/LambdaForm$MH+0x000001973c1a8c00'
Event: 67.649 Thread 0x0000019723742a50 Unloading class 0x000001973c1a8800 'java/lang/invoke/LambdaForm$MH+0x000001973c1a8800'
Event: 67.649 Thread 0x0000019723742a50 Unloading class 0x000001973c1a8400 'java/lang/invoke/LambdaForm$BMH+0x000001973c1a8400'
Event: 67.649 Thread 0x0000019723742a50 Unloading class 0x000001973c1a8000 'java/lang/invoke/LambdaForm$DMH+0x000001973c1a8000'
Event: 67.649 Thread 0x0000019723742a50 Unloading class 0x000001973c1a6c00 'java/lang/invoke/LambdaForm$DMH+0x000001973c1a6c00'

Classes redefined (0 events):
No events

Internal exceptions (20 events):
Event: 88.104 Thread 0x000001977d8beb80 Exception <a 'java/lang/NoSuchMethodError'{0x00000000d6ab3260}: 'void java.lang.invoke.DirectMethodHandle$Holder.invokeVirtual(java.lang.Object, java.lang.Object, int)'> (0x00000000d6ab3260) 
thrown [s\src\hotspot\share\interpreter\linkResolver.cpp, line 773]
Event: 93.309 Thread 0x000001977d8beb80 Exception <a 'java/lang/NoSuchMethodError'{0x00000000d5856ac8}: 'void java.lang.invoke.DirectMethodHandle$Holder.invokeInterface(java.lang.Object, java.lang.Object)'> (0x00000000d5856ac8) 
thrown [s\src\hotspot\share\interpreter\linkResolver.cpp, line 773]
Event: 98.844 Thread 0x000001977d8beb80 Implicit null exception at 0x000001972e5b82c5 to 0x000001972e5b8484
Event: 98.845 Thread 0x000001977d8beb80 Implicit null exception at 0x000001972e5b6f33 to 0x000001972e5b7088
Event: 99.406 Thread 0x000001977d8beb80 Exception <a 'sun/nio/fs/WindowsException'{0x00000000d5717ee8}> (0x00000000d5717ee8) 
thrown [s\src\hotspot\share\prims\jni.cpp, line 520]
Event: 99.406 Thread 0x000001977d8beb80 Exception <a 'sun/nio/fs/WindowsException'{0x00000000d5718518}> (0x00000000d5718518) 
thrown [s\src\hotspot\share\prims\jni.cpp, line 520]
Event: 100.937 Thread 0x000001977e30cd00 Exception <a 'sun/nio/fs/WindowsException'{0x00000000d6470518}> (0x00000000d6470518) 
thrown [s\src\hotspot\share\prims\jni.cpp, line 520]
Event: 100.937 Thread 0x000001977e30cd00 Exception <a 'sun/nio/fs/WindowsException'{0x00000000d6470e18}> (0x00000000d6470e18) 
thrown [s\src\hotspot\share\prims\jni.cpp, line 520]
Event: 100.939 Thread 0x000001977e30cd00 Exception <a 'sun/nio/fs/WindowsException'{0x00000000d6471b60}> (0x00000000d6471b60) 
thrown [s\src\hotspot\share\prims\jni.cpp, line 520]
Event: 100.940 Thread 0x000001977e30cd00 Exception <a 'sun/nio/fs/WindowsException'{0x00000000d6472440}> (0x00000000d6472440) 
thrown [s\src\hotspot\share\prims\jni.cpp, line 520]
Event: 100.943 Thread 0x000001977e30cd00 Exception <a 'sun/nio/fs/WindowsException'{0x00000000d6478690}> (0x00000000d6478690) 
thrown [s\src\hotspot\share\prims\jni.cpp, line 520]
Event: 100.943 Thread 0x000001977e30cd00 Exception <a 'sun/nio/fs/WindowsException'{0x00000000d6478f70}> (0x00000000d6478f70) 
thrown [s\src\hotspot\share\prims\jni.cpp, line 520]
Event: 100.952 Thread 0x000001977e30cd00 Exception <a 'sun/nio/fs/WindowsException'{0x00000000d64fea40}> (0x00000000d64fea40) 
thrown [s\src\hotspot\share\prims\jni.cpp, line 520]
Event: 100.952 Thread 0x000001977e30cd00 Exception <a 'sun/nio/fs/WindowsException'{0x00000000d64ff320}> (0x00000000d64ff320) 
thrown [s\src\hotspot\share\prims\jni.cpp, line 520]
Event: 101.669 Thread 0x000001977d8beb80 Implicit null exception at 0x000001972e95dc09 to 0x000001972e95dd3d
Event: 102.017 Thread 0x000001977d8beb80 Implicit null exception at 0x000001972eb45ecb to 0x000001972eb46910
Event: 104.148 Thread 0x000001977d8beb80 Exception <a 'java/lang/NoSuchMethodError'{0x00000000d59eaf48}: 'java.lang.Object java.lang.invoke.DirectMethodHandle$Holder.invokeStatic(java.lang.Object, java.lang.Object, int, java.lang.Object)'> (0x00000000d59eaf48) 
thrown [s\src\hotspot\share\interpreter\linkResolver.cpp, line 773]
Event: 104.150 Thread 0x000001977d8beb80 Exception <a 'java/lang/NoSuchMethodError'{0x00000000d59f1588}: 'java.lang.Object java.lang.invoke.DirectMethodHandle$Holder.newInvokeSpecial(java.lang.Object, java.lang.Object, int)'> (0x00000000d59f1588) 
thrown [s\src\hotspot\share\interpreter\linkResolver.cpp, line 773]
Event: 104.381 Thread 0x000001977d8beb80 Exception <a 'java/io/FileNotFoundException'{0x00000000d5cab820}> (0x00000000d5cab820) 
thrown [s\src\hotspot\share\prims\jni.cpp, line 520]
Event: 104.390 Thread 0x000001977d8beb80 Exception <a 'java/io/FileNotFoundException'{0x00000000d5cac5d8}> (0x00000000d5cac5d8) 
thrown [s\src\hotspot\share\prims\jni.cpp, line 520]

ZGC Phase Switch (0 events):
No events

VM Operations (20 events):
Event: 102.560 Executing safepoint VM operation: ParallelGCFailedAllocation (Allocation Failure)
Event: 102.565 Executing safepoint VM operation: ParallelGCFailedAllocation (Allocation Failure) done
Event: 102.840 Executing safepoint VM operation: ParallelGCFailedAllocation (Allocation Failure)
Event: 102.842 Executing safepoint VM operation: ParallelGCFailedAllocation (Allocation Failure) done
Event: 103.063 Executing safepoint VM operation: ParallelGCFailedAllocation (Allocation Failure)
Event: 103.064 Executing safepoint VM operation: ParallelGCFailedAllocation (Allocation Failure) done
Event: 103.243 Executing safepoint VM operation: ParallelGCFailedAllocation (Allocation Failure)
Event: 103.244 Executing safepoint VM operation: ParallelGCFailedAllocation (Allocation Failure) done
Event: 103.375 Executing safepoint VM operation: ParallelGCFailedAllocation (Allocation Failure)
Event: 103.377 Executing safepoint VM operation: ParallelGCFailedAllocation (Allocation Failure) done
Event: 103.501 Executing non-safepoint VM operation: HandshakeAllThreads (Deoptimize)
Event: 103.501 Executing non-safepoint VM operation: HandshakeAllThreads (Deoptimize) done
Event: 103.532 Executing safepoint VM operation: ParallelGCFailedAllocation (Allocation Failure)
Event: 103.534 Executing safepoint VM operation: ParallelGCFailedAllocation (Allocation Failure) done
Event: 103.723 Executing safepoint VM operation: ParallelGCFailedAllocation (Allocation Failure)
Event: 103.726 Executing safepoint VM operation: ParallelGCFailedAllocation (Allocation Failure) done
Event: 103.919 Executing safepoint VM operation: ParallelGCFailedAllocation (Allocation Failure)
Event: 103.924 Executing safepoint VM operation: ParallelGCFailedAllocation (Allocation Failure) done
Event: 104.928 Executing safepoint VM operation: Cleanup
Event: 104.928 Executing safepoint VM operation: Cleanup done

Memory protections (0 events):
No events

Nmethod flushes (20 events):
Event: 73.969 Thread 0x0000019723742a50 flushing  nmethod 0x00000197270c0710
Event: 73.969 Thread 0x0000019723742a50 flushing  nmethod 0x00000197270c0b10
Event: 73.969 Thread 0x0000019723742a50 flushing  nmethod 0x00000197270c1410
Event: 73.969 Thread 0x0000019723742a50 flushing  nmethod 0x00000197270c2610
Event: 73.969 Thread 0x0000019723742a50 flushing  nmethod 0x00000197270c3690
Event: 73.969 Thread 0x0000019723742a50 flushing  nmethod 0x00000197270c3e10
Event: 73.969 Thread 0x0000019723742a50 flushing  nmethod 0x00000197270c5f10
Event: 73.969 Thread 0x0000019723742a50 flushing  nmethod 0x00000197270c6c10
Event: 73.969 Thread 0x0000019723742a50 flushing  nmethod 0x00000197270c7110
Event: 73.969 Thread 0x0000019723742a50 flushing  nmethod 0x00000197270c7510
Event: 73.969 Thread 0x0000019723742a50 flushing  nmethod 0x00000197270c8190
Event: 73.969 Thread 0x0000019723742a50 flushing  nmethod 0x00000197270d2310
Event: 73.969 Thread 0x0000019723742a50 flushing  nmethod 0x00000197270d8f90
Event: 73.969 Thread 0x0000019723742a50 flushing  nmethod 0x0000019727107290
Event: 73.969 Thread 0x0000019723742a50 flushing  nmethod 0x000001972710b890
Event: 73.969 Thread 0x0000019723742a50 flushing  nmethod 0x0000019727111e90
Event: 73.969 Thread 0x0000019723742a50 flushing  nmethod 0x0000019727169f10
Event: 73.969 Thread 0x0000019723742a50 flushing  nmethod 0x0000019727185590
Event: 73.969 Thread 0x0000019723742a50 flushing  nmethod 0x0000019727187110
Event: 73.969 Thread 0x0000019723742a50 flushing  nmethod 0x00000197271c1890

Events (20 events):
Event: 95.810 Thread 0x000001977caebc70 Thread added: 0x0000019704596080
Event: 98.821 Thread 0x000001977e30da20 Thread exited: 0x000001977e30da20
Event: 98.821 Thread 0x000001977e30e0b0 Thread exited: 0x000001977e30e0b0
Event: 98.821 Thread 0x000001977e30faf0 Thread exited: 0x000001977e30faf0
Event: 98.822 Thread 0x000001977e310ea0 Thread exited: 0x000001977e310ea0
Event: 98.822 Thread 0x000001977e311530 Thread exited: 0x000001977e311530
Event: 99.232 Thread 0x0000019704596080 Thread exited: 0x0000019704596080
Event: 99.413 Thread 0x000001977caebc70 Thread added: 0x0000019704596e20
Event: 99.544 Thread 0x0000019704596e20 Thread exited: 0x0000019704596e20
Event: 99.665 Thread 0x000001977caebc70 Thread added: 0x0000019704593e70
Event: 99.778 Thread 0x000001977caebc70 Thread added: 0x0000019704596e20
Event: 100.620 Thread 0x0000019704596e20 Thread exited: 0x0000019704596e20
Event: 100.749 Thread 0x0000019704593e70 Thread exited: 0x0000019704593e70
Event: 101.002 Thread 0x000001977caebc70 Thread added: 0x0000019704593e70
Event: 101.011 Thread 0x000001977caebc70 Thread added: 0x0000019704596750
Event: 103.053 Thread 0x0000019704596750 Thread exited: 0x0000019704596750
Event: 103.424 Thread 0x0000019704593e70 Thread exited: 0x0000019704593e70
Event: 104.103 Thread 0x000001977caebc70 Thread added: 0x0000019704596750
Event: 104.318 Thread 0x000001977caebc70 Thread added: 0x0000019704596080
Event: 109.580 Thread 0x0000019704596080 Thread exited: 0x0000019704596080


Dynamic libraries:
0x00007ff788e90000 - 0x00007ff788e9e000 	c:\Users\Expertflow\.antigravity\extensions\redhat.java-1.54.0-win32-x64\jre\21.0.10-win32-x86_64\bin\java.exe
0x00007ffa58600000 - 0x00007ffa58867000 	C:\WINDOWS\SYSTEM32\ntdll.dll
0x00007ffa57a70000 - 0x00007ffa57b39000 	C:\WINDOWS\System32\KERNEL32.DLL
0x00007ffa55500000 - 0x00007ffa558f4000 	C:\WINDOWS\System32\KERNELBASE.dll
0x00007ffa54f80000 - 0x00007ffa550cb000 	C:\WINDOWS\System32\ucrtbase.dll
0x00007ffa442d0000 - 0x00007ffa442e8000 	c:\Users\Expertflow\.antigravity\extensions\redhat.java-1.54.0-win32-x64\jre\21.0.10-win32-x86_64\bin\jli.dll
0x00007ffa56820000 - 0x00007ffa569e5000 	C:\WINDOWS\System32\USER32.dll
0x00007ffa56170000 - 0x00007ffa56197000 	C:\WINDOWS\System32\win32u.dll
0x00007ffa571e0000 - 0x00007ffa5720b000 	C:\WINDOWS\System32\GDI32.dll
0x00007ffa561a0000 - 0x00007ffa562cb000 	C:\WINDOWS\System32\gdi32full.dll
0x00007ffa54ed0000 - 0x00007ffa54f73000 	C:\WINDOWS\System32\msvcp_win.dll
0x00007ffa41400000 - 0x00007ffa4141e000 	c:\Users\Expertflow\.antigravity\extensions\redhat.java-1.54.0-win32-x64\jre\21.0.10-win32-x86_64\bin\VCRUNTIME140.dll
0x00007ffa40270000 - 0x00007ffa40503000 	C:\WINDOWS\WinSxS\amd64_microsoft.windows.common-controls_6595b64144ccf1df_6.0.26100.8115_none_3e075c82e3354f9c\COMCTL32.dll
0x00007ffa57e60000 - 0x00007ffa57f09000 	C:\WINDOWS\System32\msvcrt.dll
0x00007ffa57e20000 - 0x00007ffa57e52000 	C:\WINDOWS\System32\IMM32.DLL
0x00007ffa442c0000 - 0x00007ffa442cc000 	c:\Users\Expertflow\.antigravity\extensions\redhat.java-1.54.0-win32-x64\jre\21.0.10-win32-x86_64\bin\vcruntime140_1.dll
0x00007ffa261a0000 - 0x00007ffa2622d000 	c:\Users\Expertflow\.antigravity\extensions\redhat.java-1.54.0-win32-x64\jre\21.0.10-win32-x86_64\bin\msvcp140.dll
0x00007ff9ef960000 - 0x00007ff9f0701000 	c:\Users\Expertflow\.antigravity\extensions\redhat.java-1.54.0-win32-x64\jre\21.0.10-win32-x86_64\bin\server\jvm.dll
0x00007ffa56df0000 - 0x00007ffa56ea6000 	C:\WINDOWS\System32\ADVAPI32.dll
0x00007ffa57ca0000 - 0x00007ffa57d47000 	C:\WINDOWS\System32\sechost.dll
0x00007ffa584a0000 - 0x00007ffa585b8000 	C:\WINDOWS\System32\RPCRT4.dll
0x00007ffa56eb0000 - 0x00007ffa56f30000 	C:\WINDOWS\System32\WS2_32.dll
0x00007ffa54d30000 - 0x00007ffa54d8e000 	C:\WINDOWS\SYSTEM32\POWRPROF.dll
0x00007ffa45760000 - 0x00007ffa45796000 	C:\WINDOWS\SYSTEM32\WINMM.dll
0x00007ffa4a7b0000 - 0x00007ffa4a7bb000 	C:\WINDOWS\SYSTEM32\VERSION.dll
0x00007ffa54d10000 - 0x00007ffa54d24000 	C:\WINDOWS\SYSTEM32\UMPDC.dll
0x00007ffa53c60000 - 0x00007ffa53c7b000 	C:\WINDOWS\SYSTEM32\kernel.appcore.dll
0x00007ffa44140000 - 0x00007ffa4414a000 	c:\Users\Expertflow\.antigravity\extensions\redhat.java-1.54.0-win32-x64\jre\21.0.10-win32-x86_64\bin\jimage.dll
0x00007ffa4fb60000 - 0x00007ffa4fda2000 	C:\WINDOWS\SYSTEM32\DBGHELP.DLL
0x00007ffa56390000 - 0x00007ffa56712000 	C:\WINDOWS\System32\combase.dll
0x00007ffa57990000 - 0x00007ffa57a68000 	C:\WINDOWS\System32\OLEAUT32.dll
0x00007ffa39c70000 - 0x00007ffa39cab000 	C:\WINDOWS\SYSTEM32\dbgcore.DLL
0x00007ffa552e0000 - 0x00007ffa55385000 	C:\WINDOWS\System32\bcryptPrimitives.dll
0x00007ffa430e0000 - 0x00007ffa430ef000 	c:\Users\Expertflow\.antigravity\extensions\redhat.java-1.54.0-win32-x64\jre\21.0.10-win32-x86_64\bin\instrument.dll
0x00007ffa3b210000 - 0x00007ffa3b230000 	c:\Users\Expertflow\.antigravity\extensions\redhat.java-1.54.0-win32-x64\jre\21.0.10-win32-x86_64\bin\java.dll
0x00007ffa57220000 - 0x00007ffa57987000 	C:\WINDOWS\System32\SHELL32.dll
0x00007ffa55390000 - 0x00007ffa554fa000 	C:\WINDOWS\System32\wintypes.dll
0x00007ffa55900000 - 0x00007ffa56168000 	C:\WINDOWS\System32\windows.storage.dll
0x00007ffa56720000 - 0x00007ffa56818000 	C:\WINDOWS\System32\SHCORE.dll
0x00007ffa57d50000 - 0x00007ffa57db6000 	C:\WINDOWS\System32\shlwapi.dll
0x00007ffa54df0000 - 0x00007ffa54e19000 	C:\WINDOWS\SYSTEM32\profapi.dll
0x00007ffa3b1f0000 - 0x00007ffa3b208000 	c:\Users\Expertflow\.antigravity\extensions\redhat.java-1.54.0-win32-x64\jre\21.0.10-win32-x86_64\bin\zip.dll
0x00007ffa413f0000 - 0x00007ffa41400000 	C:\Users\Expertflow\.antigravity\extensions\redhat.java-1.54.0-win32-x64\jre\21.0.10-win32-x86_64\bin\net.dll
0x00007ffa4a910000 - 0x00007ffa4aa3d000 	C:\WINDOWS\SYSTEM32\WINHTTP.dll
0x00007ffa541d0000 - 0x00007ffa5423c000 	C:\WINDOWS\system32\mswsock.dll
0x00007ffa39230000 - 0x00007ffa39246000 	C:\Users\Expertflow\.antigravity\extensions\redhat.java-1.54.0-win32-x64\jre\21.0.10-win32-x86_64\bin\nio.dll
0x00007ffa395b0000 - 0x00007ffa395c0000 	c:\Users\Expertflow\.antigravity\extensions\redhat.java-1.54.0-win32-x64\jre\21.0.10-win32-x86_64\bin\verify.dll
0x00007ffa2c690000 - 0x00007ffa2c6d5000 	C:\Users\Expertflow\AppData\Roaming\Antigravity\User\globalStorage\redhat.java\1.54.0\config_win\org.eclipse.equinox.launcher\org.eclipse.equinox.launcher.win32.win32.x86_64_1.3.0.v20260203-2149\eclipse_11919.dll
0x00007ffa56b50000 - 0x00007ffa56ce7000 	C:\WINDOWS\System32\ole32.dll
0x00007ffa544b0000 - 0x00007ffa544cb000 	C:\WINDOWS\SYSTEM32\CRYPTSP.dll
0x00007ffa53bc0000 - 0x00007ffa53bf9000 	C:\WINDOWS\system32\rsaenh.dll
0x00007ffa54280000 - 0x00007ffa542b3000 	C:\WINDOWS\SYSTEM32\USERENV.dll
0x00007ffa54dc0000 - 0x00007ffa54dea000 	C:\WINDOWS\SYSTEM32\bcrypt.dll
0x00007ffa544d0000 - 0x00007ffa544dc000 	C:\WINDOWS\SYSTEM32\CRYPTBASE.dll
0x00007ffa53660000 - 0x00007ffa53692000 	C:\WINDOWS\SYSTEM32\IPHLPAPI.DLL
0x00007ffa56f40000 - 0x00007ffa56f4a000 	C:\WINDOWS\System32\NSI.dll
0x00007ffa275c0000 - 0x00007ffa27609000 	C:\Users\Expertflow\AppData\Local\Temp\jna-1918084728\jna15864606032100059949.dll
0x00007ffa583f0000 - 0x00007ffa583f8000 	C:\WINDOWS\System32\PSAPI.DLL
0x00007ffa4a8c0000 - 0x00007ffa4a8dd000 	C:\WINDOWS\SYSTEM32\dhcpcsvc6.DLL
0x00007ffa4a890000 - 0x00007ffa4a8b5000 	C:\WINDOWS\SYSTEM32\dhcpcsvc.DLL

JVMTI agents:
c:\Users\Expertflow\.antigravity\extensions\redhat.java-1.54.0-win32-x64\lombok\lombok-1.18.39-4050.jar path:c:\Users\Expertflow\.antigravity\extensions\redhat.java-1.54.0-win32-x64\jre\21.0.10-win32-x86_64\bin\instrument.dll, loaded, initialized, instrumentlib options:none

dbghelp: loaded successfully - version: 4.0.5 - missing functions: none
symbol engine: initialized successfully - sym options: 0x614 - pdb path: .;c:\Users\Expertflow\.antigravity\extensions\redhat.java-1.54.0-win32-x64\jre\21.0.10-win32-x86_64\bin;C:\WINDOWS\SYSTEM32;C:\WINDOWS\WinSxS\amd64_microsoft.windows.common-controls_6595b64144ccf1df_6.0.26100.8115_none_3e075c82e3354f9c;c:\Users\Expertflow\.antigravity\extensions\redhat.java-1.54.0-win32-x64\jre\21.0.10-win32-x86_64\bin\server;C:\Users\Expertflow\AppData\Roaming\Antigravity\User\globalStorage\redhat.java\1.54.0\config_win\org.eclipse.equinox.launcher\org.eclipse.equinox.launcher.win32.win32.x86_64_1.3.0.v20260203-2149;C:\Users\Expertflow\AppData\Local\Temp\jna-1918084728

VM Arguments:
jvm_args: --add-modules=ALL-SYSTEM --add-opens=java.base/java.util=ALL-UNNAMED --add-opens=java.base/java.lang=ALL-UNNAMED --add-opens=java.base/sun.nio.fs=ALL-UNNAMED -Declipse.application=org.eclipse.jdt.ls.core.id1 -Dosgi.bundles.defaultStartLevel=4 -Declipse.product=org.eclipse.jdt.ls.core.product -Djava.import.generatesMetadataFilesAtProjectRoot=false -DDetectVMInstallationsJob.disabled=true -Dfile.encoding=utf8 -XX:+UseParallelGC -XX:GCTimeRatio=4 -XX:AdaptiveSizePolicyWeight=90 -Dsun.zip.disableMemoryMapping=true -Xmx2G -Xms100m -Xlog:disable -javaagent:c:\Users\Expertflow\.antigravity\extensions\redhat.java-1.54.0-win32-x64\lombok\lombok-1.18.39-4050.jar -XX:+HeapDumpOnOutOfMemoryError -XX:HeapDumpPath=c:\Users\Expertflow\AppData\Roaming\Antigravity\User\workspaceStorage\782133077b2946f882cd12a4b71ceda4\redhat.java -Daether.dependencyCollector.impl=bf 
java_command: c:\Users\Expertflow\.antigravity\extensions\redhat.java-1.54.0-win32-x64\server\plugins\org.eclipse.equinox.launcher_1.7.100.v20251111-0406.jar -configuration c:\Users\Expertflow\AppData\Roaming\Antigravity\User\globalStorage\redhat.java\1.54.0\config_win -data c:\Users\Expertflow\AppData\Roaming\Antigravity\User\workspaceStorage\782133077b2946f882cd12a4b71ceda4\redhat.java\jdt_ws --pipe=\\.\pipe\lsp-6e7b8b2ceeb5766ab6149094dfc60661-sock
java_class_path (initial): c:\Users\Expertflow\.antigravity\extensions\redhat.java-1.54.0-win32-x64\server\plugins\org.eclipse.equinox.launcher_1.7.100.v20251111-0406.jar
Launcher Type: SUN_STANDARD

[Global flags]
    uintx AdaptiveSizePolicyWeight                 = 90                                        {product} {command line}
     intx CICompilerCount                          = 4                                         {product} {ergonomic}
    uintx GCTimeRatio                              = 4                                         {product} {command line}
     bool HeapDumpOnOutOfMemoryError               = true                                   {manageable} {command line}
    ccstr HeapDumpPath                             = c:\Users\Expertflow\AppData\Roaming\Antigravity\User\workspaceStorage\782133077b2946f882cd12a4b71ceda4\redhat.java         {manageable} {command line}
   size_t InitialHeapSize                          = 104857600                                 {product} {command line}
   size_t MaxHeapSize                              = 2147483648                                {product} {command line}
   size_t MaxNewSize                               = 715653120                                 {product} {ergonomic}
   size_t MinHeapDeltaBytes                        = 524288                                    {product} {ergonomic}
   size_t MinHeapSize                              = 104857600                                 {product} {command line}
   size_t NewSize                                  = 34603008                                  {product} {ergonomic}
    uintx NonNMethodCodeHeapSize                   = 5839372                                {pd product} {ergonomic}
    uintx NonProfiledCodeHeapSize                  = 122909434                              {pd product} {ergonomic}
   size_t OldSize                                  = 70254592                                  {product} {ergonomic}
    uintx ProfiledCodeHeapSize                     = 122909434                              {pd product} {ergonomic}
    uintx ReservedCodeCacheSize                    = 251658240                              {pd product} {ergonomic}
     bool SegmentedCodeCache                       = true                                      {product} {ergonomic}
   size_t SoftMaxHeapSize                          = 2147483648                             {manageable} {ergonomic}
     bool UseCompressedOops                        = true                           {product lp64_product} {ergonomic}
     bool UseLargePagesIndividualAllocation        = false                                  {pd product} {ergonomic}
     bool UseParallelGC                            = true                                      {product} {command line}

Logging:
Log output configuration:
 #0: stdout all=off uptime,level,tags foldmultilines=false
 #1: stderr all=off uptime,level,tags foldmultilines=false

Release file:
JAVA_VERSION="21.0.10" 
MODULES="java.base java.compiler java.datatransfer java.xml java.prefs java.desktop java.instrument java.logging java.management java.security.sasl java.naming java.rmi java.management.rmi java.net.http java.scripting java.security.jgss java.transaction.xa java.sql java.sql.rowset java.xml.crypto java.se java.smartcardio jdk.accessibility jdk.internal.jvmstat jdk.attach jdk.charsets jdk.internal.opt jdk.zipfs jdk.compiler jdk.crypto.ec jdk.crypto.cryptoki jdk.crypto.mscapi jdk.dynalink jdk.internal.ed jdk.editpad jdk.hotspot.agent jdk.httpserver jdk.internal.le jdk.internal.vm.ci jdk.internal.vm.compiler jdk.internal.vm.compiler.management jdk.jartool jdk.javadoc jdk.jcmd jdk.management jdk.management.agent jdk.jconsole jdk.jdeps jdk.jdwp.agent jdk.jdi jdk.jfr jdk.jshell jdk.jsobject jdk.jstatd jdk.localedata jdk.management.jfr jdk.naming.dns jdk.naming.rmi jdk.net jdk.nio.mapmode jdk.random jdk.sctp jdk.security.auth jdk.security.jgss jdk.unsupported jdk.unsupported.desktop jdk.xml.dom" 

Environment Variables:
PATH=C:\Program Files\Common Files\Oracle\Java\javapath;C:\WINDOWS\system32;C:\WINDOWS;C:\WINDOWS\System32\Wbem;C:\WINDOWS\System32\WindowsPowerShell\v1.0\;C:\WINDOWS\System32\OpenSSH\;C:\Program Files\Java\jdk-17\bin;C:\Users\Expertflow\.dnx\bin;C:\Program Files\Microsoft DNX\Dnvm\;C:\Program Files\Microsoft SQL Server\120\Tools\Binn\;C:\Program Files\Microsoft SQL Server\130\Tools\Binn\;C:\Program Files\Git\cmd;C:\Program Files\nodejs\;C:\Program Files\apache-maven-3.9.11-bin\apache-maven-3.9.11\bin;C:\Program Files\MySQL\MySQL Shell 8.0\bin\;C:\Users\Expertflow\AppData\Local\Microsoft\WindowsApps;C:\Users\Expertflow\AppData\Local\Programs\Microsoft VS Code\bin;C:\Users\Expertflow\AppData\Roaming\npm;C:\Users\Expertflow\AppData\Local\Programs\Antigravity\bin;C:\Users\Expertflow\AppData\Local\Programs\cursor\resources\app\bin
USERNAME=Expertflow
OS=Windows_NT
PROCESSOR_IDENTIFIER=Intel64 Family 6 Model 158 Stepping 9, GenuineIntel
TMP=C:\Users\EXPERT~1\AppData\Local\Temp
TEMP=C:\Users\EXPERT~1\AppData\Local\Temp




Periodic native trim disabled

---------------  S Y S T E M  ---------------

OS:
 Windows 11 , 64 bit Build 26100 (10.0.26100.8246)
OS uptime: 2 days 11:27 hours
Hyper-V role detected

CPU: total 8 (initial active 8) (4 cores per cpu, 2 threads per core) family 6 model 158 stepping 9 microcode 0xf8, cx8, cmov, fxsr, ht, mmx, 3dnowpref, sse, sse2, sse3, ssse3, sse4.1, sse4.2, popcnt, lzcnt, tsc, tscinvbit, avx, avx2, aes, erms, clmul, bmi1, bmi2, rtm, adx, fma, vzeroupper, clflush, clflushopt, hv, rdtscp, f16c
Processor Information for processor 0
  Max Mhz: 2904, Current Mhz: 2904, Mhz Limit: 2904
Processor Information for processor 1
  Max Mhz: 2904, Current Mhz: 2904, Mhz Limit: 2904
Processor Information for processor 2
  Max Mhz: 2904, Current Mhz: 1502, Mhz Limit: 2904
Processor Information for processor 3
  Max Mhz: 2904, Current Mhz: 1502, Mhz Limit: 2904
Processor Information for processor 4
  Max Mhz: 2904, Current Mhz: 2904, Mhz Limit: 2904
Processor Information for processor 5
  Max Mhz: 2904, Current Mhz: 2904, Mhz Limit: 2904
Processor Information for processor 6
  Max Mhz: 2904, Current Mhz: 2904, Mhz Limit: 2904
Processor Information for processor 7
  Max Mhz: 2904, Current Mhz: 1502, Mhz Limit: 2904

Memory: 4k page, system-wide physical 16259M (2202M free)
TotalPageFile size 36739M (AvailPageFile size 8310M)
current process WorkingSet (physical memory assigned to process): 264M, peak: 311M
current process commit charge ("private bytes"): 337M, peak: 387M

vm_info: OpenJDK 64-Bit Server VM (21.0.10+7-LTS) for windows-amd64 JRE (21.0.10+7-LTS), built on 2026-01-20T00:00:00Z by "admin" with MS VC++ 17.12 (VS2022)

END.
